<html>
<body>
<pre>
<h1>礦ision Build Log</h1>
<h2>Tool Versions:</h2>
IDE-Version: μVision V5.14.0.0
Copyright (C) 2015 ARM Ltd and ARM Germany GmbH. All rights reserved.
License Information: jake liu, yeah, LIC=GE701-CAS3X-ILCCB-2QYQ8-KUDXI-F045K
 
Tool Versions:
Toolchain:       MDK-ARM Professional  Version: 5.14.0.0
Toolchain Path:  C:\Keil_v5\ARM\ARMCC\Bin
C Compiler:      Armcc.exe V5.05 update 1 (build 106)
Assembler:       Armasm.exe V5.05 update 1 (build 106)
Linker/Locator:  ArmLink.exe V5.05 update 1 (build 106)
Library Manager: ArmAr.exe V5.05 update 1 (build 106)
Hex Converter:   FromElf.exe V5.05 update 1 (build 106)
CPU DLL:         SARMCM3.DLL V5.14.0.0
Dialog DLL:      DARMSTM.DLL V1.65.0.0
Target DLL:      STLink\ST-LINKIII-KEIL_SWO.dll V2.0.14.0_KEIL
Dialog DLL:      TCM.DLL V1.14.4.0
 
<h2>Project:</h2>
C:\Users\lenovo\Desktop\小车\遥控小车\STM32F10x_Car_In_Project_LYB_V2.3\project\stm32f10x_Car.uvprojx
Project File Date:  04/10/2021

<h2>Output:</h2>
*** Note: Rebuilding project, since 'Options->Output->Create Batch File' is selected.
Rebuild target 'CAR'
compiling device_timer.c...
compiling main.c...
compiling scheduler.c...
compiling Task_Data_input.c...
compiling Task_Data_output.c...
..\User_Prog\src\Task_Data_output.c(76): warning:  #177-D: variable "flaot_distance" was declared but never referenced
      float                            flaot_distance = 0;
..\User_Prog\src\Task_Data_output.c(77): warning:  #177-D: variable "u32_distance" was declared but never referenced
      u32                              u32_distance = 0;
..\User_Prog\src\Task_Data_output.c: 2 warnings, 0 errors
compiling init.c...
compiling Task_Data_Remap.c...
compiling time.c...
compiling Common_Data_Area.c...
compiling core_cm3.c...
compiling system_stm32f10x.c...
assembling startup_stm32f10x_hd.s...
compiling misc.c...
compiling stm32f10x_flash.c...
compiling stm32f10x_gpio.c...
compiling stm32f10x_rcc.c...
compiling stm32f10x_iwdg.c...
compiling stm32f10x_tim.c...
compiling stm32f10x_dma.c...
compiling stm32f10x_usart.c...
compiling stm32f10x_exti.c...
compiling bsp_led.c...
compiling bsp_lora.c...
compiling bsp_scom.c...
compiling bsp_scom_it.c...
compiling bsp_motor.c...
compiling bsp_pwm.c...
compiling bsp_exti.c...
compiling bsp_ultrasonic.c...
compiling bsp_ultrasonic_it.c...
compiling bsp_led_it.c...
compiling bsp_iwdg.c...
compiling bsp_oled.c...
compiling bsp_robotarm.c...
compiling algorithm_PID.c...
compiling map_SCOMandSBUS.c...
compiling map_XDATA.c...
linking...
Program Size: Code=39730 RO-data=2590 RW-data=80 ZI-data=7112  
FromELF: creating hex file...
"..\Output\stm32f10x_Car.axf" - 0 Error(s), 2 Warning(s).

<h2>Collection of Component include folders:</h2>
  C:\Users\lenovo\Desktop\小车\遥控小车\STM32F10x_Car_In_Project_LYB_V2.3\project\RTE
  C:\Keil_v5\ARM\PACK\Keil\STM32F1xx_DFP\1.0.5\Device\Include

<h2>Collection of Component Files used:</h2>
</pre>
</body>
</html>
