Component: ARM Compiler 5.05 update 1 (build 106) Tool: armlink [4d0efa]

==============================================================================

Section Cross References

    device_timer.o(.text) refers to stm32f10x_rcc.o(.text) for RCC_GetClocksFreq
    device_timer.o(.text) refers to misc.o(.text) for SysTick_CLKSourceConfig
    main.o(.text) refers to task_data_input.o(.text) for Input_Remote_Channel
    main.o(.text) refers to task_data_remap.o(.text) for Remap_Remote_Channel
    main.o(.text) refers to task_data_output.o(.text) for Output_Drive_Channel
    main.o(.text) refers to stm32f10x_rcc.o(.text) for RCC_DeInit
    main.o(.text) refers to stm32f10x_flash.o(.text) for FLASH_PrefetchBufferCmd
    main.o(.text) refers to init.o(.text) for Car_System_Init
    main.o(.text) refers to rt_memcpy_w.o(.text) for __aeabi_memcpy4
    main.o(.text) refers to scheduler.o(.text) for Scheduler_Init
    scheduler.o(.text) refers to time.o(.text) for Set_SysTick_HookFun
    scheduler.o(.text) refers to scheduler.o(.bss) for loop
    scheduler.o(.text) refers to scheduler.o(.data) for SCHEDULER_START_FLAG
    task_data_input.o(.text) refers to map_xdata.o(.text) for XDATA_ReadData
    task_data_input.o(.text) refers to common_data_area.o(.text) for Write_CDA_DataIRQ
    task_data_input.o(.text) refers to bsp_ultrasonic.o(.text) for SONIC_Start
    task_data_input.o(.text) refers to map_xdata.o(.bss) for XDATA1_BASE
    task_data_input.o(.text) refers to bsp_ultrasonic.o(.bss) for SONIC1_BASE
    task_data_output.o(.text) refers to common_data_area.o(.text) for Read_CDA_DataIRQ
    task_data_output.o(.text) refers to bsp_motor.o(.text) for BSP_MOTOR_Drive
    task_data_output.o(.text) refers to bsp_robotarm.o(.text) for BSP_ARM_Drive
    task_data_output.o(.text) refers to bsp_oled.o(.text) for BSP_OLED_Clear
    task_data_output.o(.text) refers to faddsub_clz.o(x$fpl$fadd) for __aeabi_fadd
    task_data_output.o(.text) refers to fmul.o(x$fpl$fmul) for __aeabi_fmul
    task_data_output.o(.text) refers to ffixu.o(x$fpl$ffixu) for __aeabi_f2uiz
    task_data_output.o(.text) refers to fflt_clz.o(x$fpl$ffltu) for __aeabi_ui2f
    task_data_output.o(.text) refers to faddsub_clz.o(x$fpl$frsb) for __aeabi_frsub
    task_data_output.o(.text) refers to bsp_led.o(.text) for LED_Set_Duty
    task_data_output.o(.text) refers to bsp_motor.o(.bss) for MOTOR1_BASE
    task_data_output.o(.text) refers to bsp_robotarm.o(.bss) for ARM1_BASE
    task_data_output.o(.text) refers to bsp_oled.o(.bss) for OLED1_BASE
    task_data_output.o(.text) refers to bsp_led.o(.bss) for LED1_BASE
    init.o(.text) refers to bsp_iwdg.o(.text) for BSP_IWDG_InitStruct
    init.o(.text) refers to bsp_led.o(.text) for BSP_LED_InitStruct
    init.o(.text) refers to bsp_oled.o(.text) for BSP_OLED_Init
    init.o(.text) refers to bsp_robotarm.o(.text) for BSP_ARM_InitStruct
    init.o(.text) refers to bsp_ultrasonic.o(.text) for BSP_SONIC_InitStruct
    init.o(.text) refers to bsp_motor.o(.text) for BSP_MOTOR_InitStruct
    init.o(.text) refers to map_xdata.o(.text) for MAP_XDATA_InitStruct
    init.o(.text) refers to device_timer.o(.text) for SysTick_Configuration
    init.o(.text) refers to common_data_area.o(.text) for Common_Data_Area_Init
    init.o(.text) refers to bsp_iwdg.o(.data) for IWDG1_BASE
    init.o(.text) refers to bsp_led.o(.bss) for LED1_BASE
    init.o(.text) refers to bsp_oled.o(.bss) for OLED1_BASE
    init.o(.text) refers to bsp_robotarm.o(.bss) for ARM1_BASE
    init.o(.text) refers to bsp_ultrasonic.o(.bss) for SONIC1_BASE
    init.o(.text) refers to bsp_motor.o(.bss) for MOTOR1_BASE
    init.o(.text) refers to map_xdata.o(.bss) for XDATA1_BASE
    task_data_remap.o(.text) refers to common_data_area.o(.text) for Read_CDA_DataIRQ
    task_data_remap.o(.text) refers to fflt_clz.o(x$fpl$ffltu) for __aeabi_ui2f
    task_data_remap.o(.text) refers to fdiv.o(x$fpl$fdiv) for __aeabi_fdiv
    task_data_remap.o(.text) refers to faddsub_clz.o(x$fpl$fsub) for __aeabi_fsub
    task_data_remap.o(.text) refers to dflt_clz.o(x$fpl$dfltu) for __aeabi_ui2d
    task_data_remap.o(.text) refers to dmul.o(x$fpl$dmul) for __aeabi_dmul
    task_data_remap.o(.text) refers to ddiv.o(x$fpl$ddiv) for __aeabi_ddiv
    task_data_remap.o(.text) refers to d2f.o(x$fpl$d2f) for __aeabi_d2f
    task_data_remap.o(.text) refers to frleqf.o(x$fpl$frleqf) for __aeabi_cfrcmple
    task_data_remap.o(.text) refers to fleqf.o(x$fpl$fleqf) for __aeabi_cfcmple
    task_data_remap.o(.text) refers to task_data_remap.o(.data) for uint8_cnt
    time.o(.text) refers to fflt_clz.o(x$fpl$ffltu) for __aeabi_ui2f
    time.o(.text) refers to fdiv.o(x$fpl$fdiv) for __aeabi_fdiv
    time.o(.text) refers to faddsub_clz.o(x$fpl$fsub) for __aeabi_fsub
    time.o(.text) refers to time.o(.data) for START_HOOKFUN_FLAG
    time.o(.text) refers to time.o(.bss) for Cycle_T
    common_data_area.o(.text) refers to common_data_area.o(.bss) for CDA_BASE
[...]
    TIM1_UP_IRQHandler                       0x08000eb7   Thumb Code     0  startup_stm32f10x_hd.o(.text)
    TIM2_IRQHandler                          0x08000eb7   Thumb Code     0  startup_stm32f10x_hd.o(.text)
    TIM3_IRQHandler                          0x08000eb7   Thumb Code     0  startup_stm32f10x_hd.o(.text)
    TIM4_IRQHandler                          0x08000eb7   Thumb Code     0  startup_stm32f10x_hd.o(.text)
    TIM8_BRK_IRQHandler                      0x08000eb7   Thumb Code     0  startup_stm32f10x_hd.o(.text)
    TIM8_CC_IRQHandler                       0x08000eb7   Thumb Code     0  startup_stm32f10x_hd.o(.text)
    TIM8_TRG_COM_IRQHandler                  0x08000eb7   Thumb Code     0  startup_stm32f10x_hd.o(.text)
    TIM8_UP_IRQHandler                       0x08000eb7   Thumb Code     0  startup_stm32f10x_hd.o(.text)
    UART4_IRQHandler                         0x08000eb7   Thumb Code     0  startup_stm32f10x_hd.o(.text)
    UART5_IRQHandler                         0x08000eb7   Thumb Code     0  startup_stm32f10x_hd.o(.text)
    USBWakeUp_IRQHandler                     0x08000eb7   Thumb Code     0  startup_stm32f10x_hd.o(.text)
    USB_HP_CAN1_TX_IRQHandler                0x08000eb7   Thumb Code     0  startup_stm32f10x_hd.o(.text)
    USB_LP_CAN1_RX0_IRQHandler               0x08000eb7   Thumb Code     0  startup_stm32f10x_hd.o(.text)
    WWDG_IRQHandler                          0x08000eb7   Thumb Code     0  startup_stm32f10x_hd.o(.text)
    __user_initial_stackheap                 0x08000eb9   Thumb Code     0  startup_stm32f10x_hd.o(.text)
    NVIC_PriorityGroupConfig                 0x08000edd   Thumb Code    10  misc.o(.text)
    NVIC_Init                                0x08000ee7   Thumb Code   100  misc.o(.text)
    NVIC_SetVectorTable                      0x08000f4b   Thumb Code    14  misc.o(.text)
    NVIC_SystemLPConfig                      0x08000f59   Thumb Code    34  misc.o(.text)
    SysTick_CLKSourceConfig                  0x08000f7b   Thumb Code    40  misc.o(.text)
    FLASH_SetLatency                         0x08000fb9   Thumb Code    18  stm32f10x_flash.o(.text)
    FLASH_HalfCycleAccessCmd                 0x08000fcb   Thumb Code    22  stm32f10x_flash.o(.text)
    FLASH_PrefetchBufferCmd                  0x08000fe1   Thumb Code    22  stm32f10x_flash.o(.text)
    FLASH_Unlock                             0x08000ff7   Thumb Code    12  stm32f10x_flash.o(.text)
    FLASH_UnlockBank1                        0x08001003   Thumb Code    12  stm32f10x_flash.o(.text)
    FLASH_Lock                               0x0800100f   Thumb Code    14  stm32f10x_flash.o(.text)
    FLASH_LockBank1                          0x0800101d   Thumb Code    14  stm32f10x_flash.o(.text)
    FLASH_GetBank1Status                     0x0800102b   Thumb Code    48  stm32f10x_flash.o(.text)
    FLASH_WaitForLastOperation               0x0800105b   Thumb Code    38  stm32f10x_flash.o(.text)
    FLASH_ErasePage                          0x08001081   Thumb Code    72  stm32f10x_flash.o(.text)
    FLASH_EraseAllPages                      0x080010c9   Thumb Code    68  stm32f10x_flash.o(.text)
    FLASH_WaitForLastBank1Operation          0x0800110d   Thumb Code    38  stm32f10x_flash.o(.text)
    FLASH_EraseAllBank1Pages                 0x08001133   Thumb Code    68  stm32f10x_flash.o(.text)
    FLASH_GetReadOutProtectionStatus         0x08001177   Thumb Code    20  stm32f10x_flash.o(.text)
    FLASH_EraseOptionBytes                   0x0800118b   Thumb Code   150  stm32f10x_flash.o(.text)
    FLASH_ProgramWord                        0x08001221   Thumb Code   102  stm32f10x_flash.o(.text)
    FLASH_ProgramHalfWord                    0x08001287   Thumb Code    60  stm32f10x_flash.o(.text)
    FLASH_ProgramOptionByteData              0x080012c3   Thumb Code    72  stm32f10x_flash.o(.text)
    FLASH_EnableWriteProtection              0x0800130b   Thumb Code   200  stm32f10x_flash.o(.text)
    FLASH_ReadOutProtection                  0x080013d3   Thumb Code   156  stm32f10x_flash.o(.text)
    FLASH_UserOptionByteConfig               0x0800146f   Thumb Code    88  stm32f10x_flash.o(.text)
    FLASH_GetUserOptionByte                  0x080014c7   Thumb Code     8  stm32f10x_flash.o(.text)
    FLASH_GetWriteProtectionOptionByte       0x080014cf   Thumb Code     6  stm32f10x_flash.o(.text)
    FLASH_GetPrefetchBufferStatus            0x080014d5   Thumb Code    20  stm32f10x_flash.o(.text)
    FLASH_ITConfig                           0x080014e9   Thumb Code    26  stm32f10x_flash.o(.text)
    FLASH_GetFlagStatus                      0x08001503   Thumb Code    42  stm32f10x_flash.o(.text)
    FLASH_ClearFlag                          0x0800152d   Thumb Code     6  stm32f10x_flash.o(.text)
    FLASH_GetStatus                          0x08001533   Thumb Code    48  stm32f10x_flash.o(.text)
    GPIO_DeInit                              0x08001575   Thumb Code   172  stm32f10x_gpio.o(.text)
    GPIO_AFIODeInit                          0x08001621   Thumb Code    20  stm32f10x_gpio.o(.text)
    GPIO_Init                                0x08001635   Thumb Code   278  stm32f10x_gpio.o(.text)
    GPIO_StructInit                          0x0800174b   Thumb Code    16  stm32f10x_gpio.o(.text)
    GPIO_ReadInputDataBit                    0x0800175b   Thumb Code    18  stm32f10x_gpio.o(.text)
    GPIO_ReadInputData                       0x0800176d   Thumb Code     8  stm32f10x_gpio.o(.text)
    GPIO_ReadOutputDataBit                   0x08001775   Thumb Code    18  stm32f10x_gpio.o(.text)
    GPIO_ReadOutputData                      0x08001787   Thumb Code     8  stm32f10x_gpio.o(.text)
    GPIO_SetBits                             0x0800178f   Thumb Code     4  stm32f10x_gpio.o(.text)
    GPIO_ResetBits                           0x08001793   Thumb Code     4  stm32f10x_gpio.o(.text)
    GPIO_WriteBit                            0x08001797   Thumb Code    10  stm32f10x_gpio.o(.text)
    GPIO_Write                               0x080017a1   Thumb Code     4  stm32f10x_gpio.o(.text)
    GPIO_PinLockConfig                       0x080017a5   Thumb Code    18  stm32f10x_gpio.o(.text)
    GPIO_EventOutputConfig                   0x080017b7   Thumb Code    26  stm32f10x_gpio.o(.text)
    GPIO_EventOutputCmd                      0x080017d1   Thumb Code     6  stm32f10x_gpio.o(.text)
    GPIO_PinRemapConfig                      0x080017d7   Thumb Code   138  stm32f10x_gpio.o(.text)
    GPIO_EXTILineConfig                      0x08001861   Thumb Code    66  stm32f10x_gpio.o(.text)
    GPIO_ETH_MediaInterfaceConfig            0x080018a3   Thumb Code     8  stm32f10x_gpio.o(.text)
    RCC_DeInit                               0x080018d1   Thumb Code    64  stm32f10x_rcc.o(.text)
    RCC_HSEConfig                            0x08001911   Thumb Code    70  stm32f10x_rcc.o(.text)
    RCC_GetFlagStatus                        0x08001957   Thumb Code    56  stm32f10x_rcc.o(.text)
    RCC_WaitForHSEStartUp                    0x0800198f   Thumb Code    56  stm32f10x_rcc.o(.text)
    RCC_AdjustHSICalibrationValue            0x080019c7   Thumb Code    20  stm32f10x_rcc.o(.text)
    RCC_HSICmd                               0x080019db   Thumb Code     6  stm32f10x_rcc.o(.text)
    RCC_PLLConfig                            0x080019e1   Thumb Code    24  stm32f10x_rcc.o(.text)
    RCC_PLLCmd                               0x080019f9   Thumb Code     6  stm32f10x_rcc.o(.text)
    RCC_SYSCLKConfig                         0x080019ff   Thumb Code    18  stm32f10x_rcc.o(.text)
    RCC_GetSYSCLKSource                      0x08001a11   Thumb Code    10  stm32f10x_rcc.o(.text)
    RCC_HCLKConfig                           0x08001a1b   Thumb Code    18  stm32f10x_rcc.o(.text)
    RCC_PCLK1Config                          0x08001a2d   Thumb Code    18  stm32f10x_rcc.o(.text)
    RCC_PCLK2Config                          0x08001a3f   Thumb Code    20  stm32f10x_rcc.o(.text)
    RCC_ITConfig                             0x08001a53   Thumb Code    26  stm32f10x_rcc.o(.text)
    RCC_USBCLKConfig                         0x08001a6d   Thumb Code     8  stm32f10x_rcc.o(.text)
    RCC_ADCCLKConfig                         0x08001a75   Thumb Code    18  stm32f10x_rcc.o(.text)
    RCC_LSEConfig                            0x08001a87   Thumb Code    50  stm32f10x_rcc.o(.text)
    RCC_LSICmd                               0x08001ab9   Thumb Code     6  stm32f10x_rcc.o(.text)
    RCC_RTCCLKConfig                         0x08001abf   Thumb Code    12  stm32f10x_rcc.o(.text)
    RCC_RTCCLKCmd                            0x08001acb   Thumb Code     8  stm32f10x_rcc.o(.text)
    RCC_GetClocksFreq                        0x08001ad3   Thumb Code   192  stm32f10x_rcc.o(.text)
    RCC_AHBPeriphClockCmd                    0x08001b93   Thumb Code    26  stm32f10x_rcc.o(.text)
    RCC_APB2PeriphClockCmd                   0x08001bad   Thumb Code    26  stm32f10x_rcc.o(.text)
    RCC_APB1PeriphClockCmd                   0x08001bc7   Thumb Code    26  stm32f10x_rcc.o(.text)
    RCC_APB2PeriphResetCmd                   0x08001be1   Thumb Code    26  stm32f10x_rcc.o(.text)
    RCC_APB1PeriphResetCmd                   0x08001bfb   Thumb Code    26  stm32f10x_rcc.o(.text)
    RCC_BackupResetCmd                       0x08001c15   Thumb Code     8  stm32f10x_rcc.o(.text)
    RCC_ClockSecuritySystemCmd               0x08001c1d   Thumb Code     6  stm32f10x_rcc.o(.text)
    RCC_MCOConfig                            0x08001c23   Thumb Code     6  stm32f10x_rcc.o(.text)
    RCC_ClearFlag                            0x08001c29   Thumb Code    14  stm32f10x_rcc.o(.text)
    RCC_GetITStatus                          0x08001c37   Thumb Code    20  stm32f10x_rcc.o(.text)
    RCC_ClearITPendingBit                    0x08001c4b   Thumb Code     6  stm32f10x_rcc.o(.text)
    IWDG_WriteAccessCmd                      0x08001c75   Thumb Code     6  stm32f10x_iwdg.o(.text)
    IWDG_SetPrescaler                        0x08001c7b   Thumb Code     6  stm32f10x_iwdg.o(.text)
    IWDG_SetReload                           0x08001c81   Thumb Code     6  stm32f10x_iwdg.o(.text)
    IWDG_ReloadCounter                       0x08001c87   Thumb Code    10  stm32f10x_iwdg.o(.text)
    IWDG_Enable                              0x08001c91   Thumb Code    10  stm32f10x_iwdg.o(.text)
    IWDG_GetFlagStatus                       0x08001c9b   Thumb Code    20  stm32f10x_iwdg.o(.text)
    TIM_DeInit                               0x08001cb5   Thumb Code   424  stm32f10x_tim.o(.text)
    TIM_TimeBaseInit                         0x08001e5d   Thumb Code   122  stm32f10x_tim.o(.text)
    TIM_OC1Init                              0x08001ed7   Thumb Code   132  stm32f10x_tim.o(.text)
    TIM_OC2Init                              0x08001f5b   Thumb Code   154  stm32f10x_tim.o(.text)
    TIM_OC3Init                              0x08001ff5   Thumb Code   150  stm32f10x_tim.o(.text)
    TIM_OC4Init                              0x0800208b   Thumb Code   182  stm32f10x_tim.o(.text)
    TIM_SetIC4Prescaler                      0x08002141   Thumb Code    26  stm32f10x_tim.o(.text)
    TIM_SetIC3Prescaler                      0x080021dd   Thumb Code    18  stm32f10x_tim.o(.text)
    TIM_SetIC2Prescaler                      0x08002269   Thumb Code    26  stm32f10x_tim.o(.text)
    TIM_SetIC1Prescaler                      0x08002305   Thumb Code    18  stm32f10x_tim.o(.text)
    TIM_ICInit                               0x08002383   Thumb Code   150  stm32f10x_tim.o(.text)
    TIM_PWMIConfig                           0x08002419   Thumb Code   124  stm32f10x_tim.o(.text)
    TIM_BDTRConfig                           0x08002495   Thumb Code    32  stm32f10x_tim.o(.text)
    TIM_TimeBaseStructInit                   0x080024b5   Thumb Code    18  stm32f10x_tim.o(.text)
    TIM_OCStructInit                         0x080024c7   Thumb Code    20  stm32f10x_tim.o(.text)
    TIM_ICStructInit                         0x080024db   Thumb Code    18  stm32f10x_tim.o(.text)
    TIM_BDTRStructInit                       0x080024ed   Thumb Code    40  stm32f10x_tim.o(.text)
    TIM_Cmd                                  0x08002515   Thumb Code    24  stm32f10x_tim.o(.text)
    TIM_CtrlPWMOutputs                       0x0800252d   Thumb Code    30  stm32f10x_tim.o(.text)
    TIM_ITConfig                             0x0800254b   Thumb Code    18  stm32f10x_tim.o(.text)
    TIM_GenerateEvent                        0x0800255d   Thumb Code     4  stm32f10x_tim.o(.text)
    TIM_DMAConfig                            0x08002561   Thumb Code    10  stm32f10x_tim.o(.text)
    TIM_DMACmd                               0x0800256b   Thumb Code    18  stm32f10x_tim.o(.text)
    TIM_InternalClockConfig                  0x0800257d   Thumb Code    12  stm32f10x_tim.o(.text)
    TIM_SelectInputTrigger                   0x08002589   Thumb Code    18  stm32f10x_tim.o(.text)
    TIM_ITRxExternalClockConfig              0x0800259b   Thumb Code    24  stm32f10x_tim.o(.text)
    TIM_TIxExternalClockConfig               0x080025b3   Thumb Code    62  stm32f10x_tim.o(.text)
    TIM_ETRConfig                            0x080025f1   Thumb Code    28  stm32f10x_tim.o(.text)
    TIM_ETRClockMode1Config                  0x0800260d   Thumb Code    54  stm32f10x_tim.o(.text)
    TIM_ETRClockMode2Config                  0x08002643   Thumb Code    32  stm32f10x_tim.o(.text)
    TIM_PrescalerConfig                      0x08002663   Thumb Code     6  stm32f10x_tim.o(.text)
    TIM_CounterModeConfig                    0x08002669   Thumb Code    18  stm32f10x_tim.o(.text)
    TIM_EncoderInterfaceConfig               0x0800267b   Thumb Code    66  stm32f10x_tim.o(.text)
    TIM_ForcedOC1Config                      0x080026bd   Thumb Code    18  stm32f10x_tim.o(.text)
    TIM_ForcedOC2Config                      0x080026cf   Thumb Code    26  stm32f10x_tim.o(.text)
    TIM_ForcedOC3Config                      0x080026e9   Thumb Code    18  stm32f10x_tim.o(.text)
    TIM_ForcedOC4Config                      0x080026fb   Thumb Code    26  stm32f10x_tim.o(.text)
    TIM_ARRPreloadConfig                     0x08002715   Thumb Code    24  stm32f10x_tim.o(.text)
    TIM_SelectCOM                            0x0800272d   Thumb Code    24  stm32f10x_tim.o(.text)
    TIM_SelectCCDMA                          0x08002745   Thumb Code    24  stm32f10x_tim.o(.text)
    TIM_CCPreloadControl                     0x0800275d   Thumb Code    24  stm32f10x_tim.o(.text)
    TIM_OC1PreloadConfig                     0x08002775   Thumb Code    18  stm32f10x_tim.o(.text)
    TIM_OC2PreloadConfig                     0x08002787   Thumb Code    26  stm32f10x_tim.o(.text)
    TIM_OC3PreloadConfig                     0x080027a1   Thumb Code    18  stm32f10x_tim.o(.text)
    TIM_OC4PreloadConfig                     0x080027b3   Thumb Code    26  stm32f10x_tim.o(.text)
    TIM_OC1FastConfig                        0x080027cd   Thumb Code    18  stm32f10x_tim.o(.text)
    TIM_OC2FastConfig                        0x080027df   Thumb Code    26  stm32f10x_tim.o(.text)
    TIM_OC3FastConfig                        0x080027f9   Thumb Code    18  stm32f10x_tim.o(.text)
    TIM_OC4FastConfig                        0x0800280b   Thumb Code    26  stm32f10x_tim.o(.text)
    TIM_ClearOC1Ref                          0x08002825   Thumb Code    18  stm32f10x_tim.o(.text)
    TIM_ClearOC2Ref                          0x08002837   Thumb Code    24  stm32f10x_tim.o(.text)
    TIM_ClearOC3Ref                          0x0800284f   Thumb Code    18  stm32f10x_tim.o(.text)
    TIM_ClearOC4Ref                          0x08002861   Thumb Code    24  stm32f10x_tim.o(.text)
    TIM_OC1PolarityConfig                    0x08002879   Thumb Code    18  stm32f10x_tim.o(.text)
    TIM_OC1NPolarityConfig                   0x0800288b   Thumb Code    18  stm32f10x_tim.o(.text)
    TIM_OC2PolarityConfig                    0x0800289d   Thumb Code    26  stm32f10x_tim.o(.text)
    TIM_OC2NPolarityConfig                   0x080028b7   Thumb Code    26  stm32f10x_tim.o(.text)
    TIM_OC3PolarityConfig                    0x080028d1   Thumb Code    26  stm32f10x_tim.o(.text)
    TIM_OC3NPolarityConfig                   0x080028eb   Thumb Code    26  stm32f10x_tim.o(.text)
    TIM_OC4PolarityConfig                    0x08002905   Thumb Code    26  stm32f10x_tim.o(.text)
    TIM_CCxCmd                               0x0800291f   Thumb Code    30  stm32f10x_tim.o(.text)
    TIM_CCxNCmd                              0x0800293d   Thumb Code    30  stm32f10x_tim.o(.text)
    TIM_SelectOCxM                           0x0800295b   Thumb Code    82  stm32f10x_tim.o(.text)
    TIM_UpdateDisableConfig                  0x080029ad   Thumb Code    24  stm32f10x_tim.o(.text)
    TIM_UpdateRequestConfig                  0x080029c5   Thumb Code    24  stm32f10x_tim.o(.text)
    TIM_SelectHallSensor                     0x080029dd   Thumb Code    24  stm32f10x_tim.o(.text)
    TIM_SelectOnePulseMode                   0x080029f5   Thumb Code    18  stm32f10x_tim.o(.text)
    TIM_SelectOutputTrigger                  0x08002a07   Thumb Code    18  stm32f10x_tim.o(.text)
    TIM_SelectSlaveMode                      0x08002a19   Thumb Code    18  stm32f10x_tim.o(.text)
    TIM_SelectMasterSlaveMode                0x08002a2b   Thumb Code    18  stm32f10x_tim.o(.text)
    TIM_SetCounter                           0x08002a3d   Thumb Code     4  stm32f10x_tim.o(.text)
    TIM_SetAutoreload                        0x08002a41   Thumb Code     4  stm32f10x_tim.o(.text)
    TIM_SetCompare1                          0x08002a45   Thumb Code     4  stm32f10x_tim.o(.text)
    TIM_SetCompare2                          0x08002a49   Thumb Code     4  stm32f10x_tim.o(.text)
    TIM_SetCompare3                          0x08002a4d   Thumb Code     4  stm32f10x_tim.o(.text)
    TIM_SetCompare4                          0x08002a51   Thumb Code     6  stm32f10x_tim.o(.text)
    TIM_SetClockDivision                     0x08002a57   Thumb Code    18  stm32f10x_tim.o(.text)
    TIM_GetCapture1                          0x08002a69   Thumb Code     6  stm32f10x_tim.o(.text)
    TIM_GetCapture2                          0x08002a6f   Thumb Code     6  stm32f10x_tim.o(.text)
    TIM_GetCapture3                          0x08002a75   Thumb Code     6  stm32f10x_tim.o(.text)
    TIM_GetCapture4                          0x08002a7b   Thumb Code     8  stm32f10x_tim.o(.text)
    TIM_GetCounter                           0x08002a83   Thumb Code     6  stm32f10x_tim.o(.text)
    TIM_GetPrescaler                         0x08002a89   Thumb Code     6  stm32f10x_tim.o(.text)
    TIM_GetFlagStatus                        0x08002a8f   Thumb Code    18  stm32f10x_tim.o(.text)
    TIM_ClearFlag                            0x08002aa1   Thumb Code     6  stm32f10x_tim.o(.text)
    TIM_GetITStatus                          0x08002aa7   Thumb Code    34  stm32f10x_tim.o(.text)
    TIM_ClearITPendingBit                    0x08002ac9   Thumb Code     6  stm32f10x_tim.o(.text)
    DMA_DeInit                               0x08002ad1   Thumb Code   324  stm32f10x_dma.o(.text)
    DMA_Init                                 0x08002c15   Thumb Code    60  stm32f10x_dma.o(.text)
    DMA_StructInit                           0x08002c51   Thumb Code    26  stm32f10x_dma.o(.text)
    DMA_Cmd                                  0x08002c6b   Thumb Code    24  stm32f10x_dma.o(.text)
    DMA_ITConfig                             0x08002c83   Thumb Code    18  stm32f10x_dma.o(.text)
    DMA_SetCurrDataCounter                   0x08002c95   Thumb Code     4  stm32f10x_dma.o(.text)
    DMA_GetCurrDataCounter                   0x08002c99   Thumb Code     8  stm32f10x_dma.o(.text)
    DMA_GetFlagStatus                        0x08002ca1   Thumb Code    40  stm32f10x_dma.o(.text)
    DMA_ClearFlag                            0x08002cc9   Thumb Code    22  stm32f10x_dma.o(.text)
    DMA_GetITStatus                          0x08002cdf   Thumb Code    40  stm32f10x_dma.o(.text)
    DMA_ClearITPendingBit                    0x08002d07   Thumb Code    22  stm32f10x_dma.o(.text)
    USART_DeInit                             0x08002d25   Thumb Code   134  stm32f10x_usart.o(.text)
    USART_Init                               0x08002dab   Thumb Code   210  stm32f10x_usart.o(.text)
    USART_StructInit                         0x08002e7d   Thumb Code    24  stm32f10x_usart.o(.text)
    USART_ClockInit                          0x08002e95   Thumb Code    34  stm32f10x_usart.o(.text)
    USART_ClockStructInit                    0x08002eb7   Thumb Code    12  stm32f10x_usart.o(.text)
    USART_Cmd                                0x08002ec3   Thumb Code    24  stm32f10x_usart.o(.text)
    USART_ITConfig                           0x08002edb   Thumb Code    74  stm32f10x_usart.o(.text)
    USART_DMACmd                             0x08002f25   Thumb Code    18  stm32f10x_usart.o(.text)
    USART_SetAddress                         0x08002f37   Thumb Code    18  stm32f10x_usart.o(.text)
    USART_WakeUpConfig                       0x08002f49   Thumb Code    18  stm32f10x_usart.o(.text)
    USART_ReceiverWakeUpCmd                  0x08002f5b   Thumb Code    24  stm32f10x_usart.o(.text)
    USART_LINBreakDetectLengthConfig         0x08002f73   Thumb Code    18  stm32f10x_usart.o(.text)
    USART_LINCmd                             0x08002f85   Thumb Code    24  stm32f10x_usart.o(.text)
    USART_SendData                           0x08002f9d   Thumb Code     8  stm32f10x_usart.o(.text)
    USART_ReceiveData                        0x08002fa5   Thumb Code    10  stm32f10x_usart.o(.text)
    USART_SendBreak                          0x08002faf   Thumb Code    10  stm32f10x_usart.o(.text)
    USART_SetGuardTime                       0x08002fb9   Thumb Code    16  stm32f10x_usart.o(.text)
    USART_SetPrescaler                       0x08002fc9   Thumb Code    16  stm32f10x_usart.o(.text)
    USART_SmartCardCmd                       0x08002fd9   Thumb Code    24  stm32f10x_usart.o(.text)
    USART_SmartCardNACKCmd                   0x08002ff1   Thumb Code    24  stm32f10x_usart.o(.text)
    USART_HalfDuplexCmd                      0x08003009   Thumb Code    24  stm32f10x_usart.o(.text)
    USART_OverSampling8Cmd                   0x08003021   Thumb Code    22  stm32f10x_usart.o(.text)
    USART_OneBitMethodCmd                    0x08003037   Thumb Code    24  stm32f10x_usart.o(.text)
    USART_IrDAConfig                         0x0800304f   Thumb Code    18  stm32f10x_usart.o(.text)
    USART_IrDACmd                            0x08003061   Thumb Code    24  stm32f10x_usart.o(.text)
    USART_GetFlagStatus                      0x08003079   Thumb Code    26  stm32f10x_usart.o(.text)
    USART_ClearFlag                          0x08003093   Thumb Code    18  stm32f10x_usart.o(.text)
    USART_GetITStatus                        0x080030a5   Thumb Code    84  stm32f10x_usart.o(.text)
    USART_ClearITPendingBit                  0x080030f9   Thumb Code    52  stm32f10x_usart.o(.text)
    EXTI_DeInit                              0x0800312d   Thumb Code    28  stm32f10x_exti.o(.text)
    EXTI_Init                                0x08003149   Thumb Code   142  stm32f10x_exti.o(.text)
    EXTI_StructInit                          0x080031d7   Thumb Code    16  stm32f10x_exti.o(.text)
    EXTI_GenerateSWInterrupt                 0x080031e7   Thumb Code    16  stm32f10x_exti.o(.text)
    EXTI_GetFlagStatus                       0x080031f7   Thumb Code    22  stm32f10x_exti.o(.text)
    EXTI_ClearFlag                           0x0800320d   Thumb Code     8  stm32f10x_exti.o(.text)
    EXTI_GetITStatus                         0x08003215   Thumb Code    34  stm32f10x_exti.o(.text)
    EXTI_ClearITPendingBit                   0x08003237   Thumb Code     8  stm32f10x_exti.o(.text)
    BSP_LED_InitStruct                       0x08003249   Thumb Code    34  bsp_led.o(.text)
    BSP_LED_TIM_NVIC_Config                  0x0800326b   Thumb Code    48  bsp_led.o(.text)
    BSP_LED_TIM_Config                       0x0800329b   Thumb Code    64  bsp_led.o(.text)
    BSP_LED_TIM_RCC_Config                   0x080032db   Thumb Code   144  bsp_led.o(.text)
    BSP_LED_GPIO_Config                      0x0800336b   Thumb Code    86  bsp_led.o(.text)
    BSP_LED_Init                             0x080033c1   Thumb Code   182  bsp_led.o(.text)
    LED_Open                                 0x08003477   Thumb Code    58  bsp_led.o(.text)
    LED_Close                                0x080034b1   Thumb Code    58  bsp_led.o(.text)
    LED_Set_Duty                             0x080034eb   Thumb Code    14  bsp_led.o(.text)
    BSP_LED_TIM_OverFlow_IRQHandler          0x080034f9   Thumb Code    88  bsp_led.o(.text)
    BSP_LORA_InitStruct                      0x08003581   Thumb Code    60  bsp_lora.o(.text)
    BSP_LORA_GPIO_Config                     0x080035bd   Thumb Code   114  bsp_lora.o(.text)
    LORA_ReceiveData                         0x0800362f   Thumb Code    44  bsp_lora.o(.text)
    LORA3_ReceiveData_Callback               0x0800365b   Thumb Code    10  bsp_lora.o(.text)
    LORA_SendData                            0x08003665   Thumb Code    44  bsp_lora.o(.text)
    LORA3_SendData_Callback                  0x08003691   Thumb Code    10  bsp_lora.o(.text)
    LORA2_ReceiveData_Callback               0x0800369b   Thumb Code    10  bsp_lora.o(.text)
    LORA2_SendData_Callback                  0x080036a5   Thumb Code    10  bsp_lora.o(.text)
    LORA1_ReceiveData_Callback               0x080036af   Thumb Code    10  bsp_lora.o(.text)
    LORA1_SendData_Callback                  0x080036b9   Thumb Code    10  bsp_lora.o(.text)
    BSP_LORA_Init                            0x080036c3   Thumb Code   320  bsp_lora.o(.text)
    LORA_Open                                0x08003803   Thumb Code    24  bsp_lora.o(.text)
    LORA_Close                               0x0800381b   Thumb Code    24  bsp_lora.o(.text)
    LORA_ReadData                            0x08003833   Thumb Code    94  bsp_lora.o(.text)
    LORA_WriteData                           0x08003891   Thumb Code   134  bsp_lora.o(.text)
    BSP_SCOM_InitStruct                      0x08003941   Thumb Code    46  bsp_scom.o(.text)
    BSP_SCOM_NVIC_Config                     0x0800396f   Thumb Code    82  bsp_scom.o(.text)
    BSP_SCOM_DMA_Config                      0x080039c1   Thumb Code   158  bsp_scom.o(.text)
    BSP_SCOM_GPIO_Config                     0x08003a5f   Thumb Code    74  bsp_scom.o(.text)
    BSP_SCOM_RCC_Config                      0x08003aa9   Thumb Code   112  bsp_scom.o(.text)
    BSP_SCOM_Init                            0x08003b19   Thumb Code   526  bsp_scom.o(.text)
    SCOM_ReadData                            0x08003d27   Thumb Code   166  bsp_scom.o(.text)
    SCOM_USART_SendData                      0x08003dcd   Thumb Code   292  bsp_scom.o(.text)
    SCOM_WriteData                           0x08003ef1   Thumb Code    96  bsp_scom.o(.text)
    SCOM_Open                                0x08003f51   Thumb Code    52  bsp_scom.o(.text)
    SCOM_Close                               0x08003f85   Thumb Code    46  bsp_scom.o(.text)
    SCOM_USART_IRQHandler                    0x08003fb3   Thumb Code   402  bsp_scom.o(.text)
    SCOM_TX_DMA_IRQHandler                   0x08004145   Thumb Code   104  bsp_scom.o(.text)
    USART1_IRQHandler                        0x080041f5   Thumb Code    10  bsp_scom_it.o(.text)
    USART2_IRQHandler                        0x080041ff   Thumb Code    10  bsp_scom_it.o(.text)
    USART3_IRQHandler                        0x08004209   Thumb Code    10  bsp_scom_it.o(.text)
    DMA1_Channel2_IRQHandler                 0x08004213   Thumb Code    10  bsp_scom_it.o(.text)
    DMA1_Channel4_IRQHandler                 0x0800421d   Thumb Code     2  bsp_scom_it.o(.text)
    DMA1_Channel7_IRQHandler                 0x0800421f   Thumb Code     2  bsp_scom_it.o(.text)
    BSP_MOTOR_InitStruct                     0x0800422d   Thumb Code    50  bsp_motor.o(.text)
    MOTOR_Drive_Set_Duty                     0x0800425f   Thumb Code   724  bsp_motor.o(.text)
    MOTOR_Drive_Set_Voltage                  0x08004533   Thumb Code   310  bsp_motor.o(.text)
    BSP_MOTOR_Drive                          0x08004669   Thumb Code   374  bsp_motor.o(.text)
    BSP_MOTOR_GPIO_Config                    0x080047df   Thumb Code   146  bsp_motor.o(.text)
    BSP_MOTOR_Init                           0x08004871   Thumb Code   240  bsp_motor.o(.text)
    BSP_MOTOR_Open                           0x08004961   Thumb Code    40  bsp_motor.o(.text)
    BSP_MOTOR_Close                          0x08004989   Thumb Code    40  bsp_motor.o(.text)
    BSP_PWM_InitStruct                       0x080049ed   Thumb Code    44  bsp_pwm.o(.text)
    BSP_PWM_GPIO_Config                      0x08004a19   Thumb Code    60  bsp_pwm.o(.text)
    BSP_PWM_Init                             0x08004a55   Thumb Code   626  bsp_pwm.o(.text)
    PWM_Open                                 0x08004cc7   Thumb Code    34  bsp_pwm.o(.text)
    PWM_Close                                0x08004ce9   Thumb Code    34  bsp_pwm.o(.text)
    PWM_Set_Duty                             0x08004d0b   Thumb Code   148  bsp_pwm.o(.text)
    BSP_EXTI_InitStruct                      0x08004df9   Thumb Code    24  bsp_exti.o(.text)
    BSP_EXTI_NVIC_Config                     0x08004e11   Thumb Code    44  bsp_exti.o(.text)
    BSP_EXTI_GPIO_Config                     0x08004e3d   Thumb Code    48  bsp_exti.o(.text)
    BSP_EXTI_Init                            0x08004e6d   Thumb Code   306  bsp_exti.o(.text)
    EXTI_Open                                0x08004f9f   Thumb Code    20  bsp_exti.o(.text)
    EXTI_Close                               0x08004fb3   Thumb Code    20  bsp_exti.o(.text)
    BSP_EXTI_IRQHandler                      0x08004fc7   Thumb Code    56  bsp_exti.o(.text)
    BSP_SONIC_InitStruct                     0x0800501d   Thumb Code    28  bsp_ultrasonic.o(.text)
    BSP_SONIC_TIM_NVIC_Config                0x08005039   Thumb Code    48  bsp_ultrasonic.o(.text)
    BSP_SONIC_TIM_Config                     0x08005069   Thumb Code    66  bsp_ultrasonic.o(.text)
    BSP_SONIC_GPIO_Config                    0x080050ab   Thumb Code    48  bsp_ultrasonic.o(.text)
    BSP_SONIC_Init                           0x080050db   Thumb Code   186  bsp_ultrasonic.o(.text)
    SONIC_Open                               0x08005195   Thumb Code    24  bsp_ultrasonic.o(.text)
    SONIC_Close                              0x080051ad   Thumb Code    24  bsp_ultrasonic.o(.text)
    SONIC_Start                              0x080051c5   Thumb Code    42  bsp_ultrasonic.o(.text)
    BSP_SONIC_EXTI_IRQHandler                0x080051ef   Thumb Code   166  bsp_ultrasonic.o(.text)
    BSP_SONIC_TIM_OverFlow_IRQHandler        0x08005295   Thumb Code    38  bsp_ultrasonic.o(.text)
    EXTI0_IRQHandler                         0x080052dd   Thumb Code    52  bsp_ultrasonic_it.o(.text)
    EXTI9_5_IRQHandler                       0x08005311   Thumb Code    52  bsp_ultrasonic_it.o(.text)
    TIM5_IRQHandler                          0x08005345   Thumb Code    34  bsp_ultrasonic_it.o(.text)
    TIM6_IRQHandler                          0x08005379   Thumb Code    50  bsp_led_it.o(.text)
    TIM7_IRQHandler                          0x080053ab   Thumb Code    50  bsp_led_it.o(.text)
    BSP_IWDG_InitStruct                      0x080053e9   Thumb Code    16  bsp_iwdg.o(.text)
    BSP_IWDG_Init                            0x080053f9   Thumb Code    54  bsp_iwdg.o(.text)
    BSP_IWDG_Feed                            0x0800542f   Thumb Code     8  bsp_iwdg.o(.text)
    BSP_OLED_InitStruct                      0x08005439   Thumb Code     6  bsp_oled.o(.text)
    BSP_OLED_WriteByte                       0x0800543f   Thumb Code   134  bsp_oled.o(.text)
    BSP_OLED_Clear                           0x080054c5   Thumb Code    54  bsp_oled.o(.text)
    BSP_OLED_Reset                           0x080054fb   Thumb Code    36  bsp_oled.o(.text)
    BSP_OLED_GPIO_Config                     0x0800551f   Thumb Code   168  bsp_oled.o(.text)
    BSP_OLED_Init                            0x080055c7   Thumb Code   428  bsp_oled.o(.text)
    BSP_OLED_DrawPoint                       0x08005773   Thumb Code   248  bsp_oled.o(.text)
    BSP_OLED_WriteChar                       0x0800586b   Thumb Code   138  bsp_oled.o(.text)
    BSP_OLED_WriteNum                        0x080058f5   Thumb Code   224  bsp_oled.o(.text)
    BSP_OLED_WriteString                     0x080059d5   Thumb Code    54  bsp_oled.o(.text)
    BSP_OLED_Refresh                         0x08005a0b   Thumb Code    94  bsp_oled.o(.text)
    BSP_ARM_InitStruct                       0x08005a69   Thumb Code    34  bsp_robotarm.o(.text)
    BSP_ARM_WriteData                        0x08005a8b   Thumb Code    72  bsp_robotarm.o(.text)
    BSP_ARM_Init                             0x08005ad3   Thumb Code   220  bsp_robotarm.o(.text)
    BSP_ARM_Open                             0x08005baf   Thumb Code    24  bsp_robotarm.o(.text)
    BSP_ARM_Close                            0x08005bc7   Thumb Code    24  bsp_robotarm.o(.text)
    BSP_ARM_Drive                            0x08005bdf   Thumb Code   172  bsp_robotarm.o(.text)
    Algorithm_PID_InitStruct                 0x08005cb9   Thumb Code    18  algorithm_pid.o(.text)
    Algorithm_PID_Init                       0x08005ccb   Thumb Code    40  algorithm_pid.o(.text)
    PID_Adjustable_Ring                      0x08005cf3   Thumb Code   158  algorithm_pid.o(.text)
    MAP_SCOMtoSBUS                           0x08005da1   Thumb Code   332  map_scomandsbus.o(.text)
    MAP_SBUStoSCOM                           0x08005eed   Thumb Code   352  map_scomandsbus.o(.text)
    MAP_XDATA_InitStruct                     0x0800604d   Thumb Code    34  map_xdata.o(.text)
    MAP_XDATA_Init                           0x0800606f   Thumb Code    94  map_xdata.o(.text)
    XDATA_ReadData                           0x080060cd   Thumb Code    84  map_xdata.o(.text)
    XDATA_WriteData                          0x08006121   Thumb Code    56  map_xdata.o(.text)
    XDATA_Open                               0x08006159   Thumb Code    24  map_xdata.o(.text)
    XDATA_Close                              0x08006171   Thumb Code    24  map_xdata.o(.text)
    __c89vsprintf                            0x080061a1   Thumb Code    32  c89vsprintf.o(.text)
    strlen                                   0x080061c5   Thumb Code    62  strlen.o(.text)
    __aeabi_memcpy                           0x08006203   Thumb Code     0  rt_memcpy_v6.o(.text)
    __rt_memcpy                              0x08006203   Thumb Code   138  rt_memcpy_v6.o(.text)
    _memcpy_lastbytes                        0x08006269   Thumb Code     0  rt_memcpy_v6.o(.text)
    __aeabi_memcpy4                          0x0800628d   Thumb Code     0  rt_memcpy_w.o(.text)
    __aeabi_memcpy8                          0x0800628d   Thumb Code     0  rt_memcpy_w.o(.text)
    __rt_memcpy_w                            0x0800628d   Thumb Code   100  rt_memcpy_w.o(.text)
    _memcpy_lastbytes_aligned                0x080062d5   Thumb Code     0  rt_memcpy_w.o(.text)
    __use_two_region_memory                  0x080062f1   Thumb Code     2  heapauxi.o(.text)
    __rt_heap_escrow$2region                 0x080062f3   Thumb Code     2  heapauxi.o(.text)
    __rt_heap_expand$2region                 0x080062f5   Thumb Code     2  heapauxi.o(.text)
    __read_errno                             0x080062f7   Thumb Code    10  _rserrno.o(.text)
    __set_errno                              0x08006301   Thumb Code    12  _rserrno.o(.text)
    _printf_pre_padding                      0x0800630d   Thumb Code    44  _printf_pad.o(.text)
    _printf_post_padding                     0x08006339   Thumb Code    34  _printf_pad.o(.text)
    _printf_truncate_signed                  0x0800635b   Thumb Code    18  _printf_truncate.o(.text)
    _printf_truncate_unsigned                0x0800636d   Thumb Code    18  _printf_truncate.o(.text)
    _printf_str                              0x0800637f   Thumb Code    82  _printf_str.o(.text)
    _printf_int_dec                          0x080063d1   Thumb Code   104  _printf_dec.o(.text)
    _printf_charcount                        0x08006449   Thumb Code    40  _printf_charcount.o(.text)
    _printf_char_common                      0x0800647b   Thumb Code    32  _printf_char_common.o(.text)
    _sputc                                   0x080064a1   Thumb Code    10  _sputc.o(.text)
    _printf_wctomb                           0x080064ad   Thumb Code   182  _printf_wctomb.o(.text)
    _printf_longlong_dec                     0x08006569   Thumb Code   108  _printf_longlong_dec.o(.text)
    _printf_longlong_oct                     0x080065e5   Thumb Code    68  _printf_oct_int_ll.o(.text)
    _printf_int_oct                          0x08006629   Thumb Code    24  _printf_oct_int_ll.o(.text)
    _printf_ll_oct                           0x08006641   Thumb Code    12  _printf_oct_int_ll.o(.text)
    _printf_longlong_hex                     0x08006655   Thumb Code    86  _printf_hex_int_ll_ptr.o(.text)
    _printf_int_hex                          0x080066ab   Thumb Code    28  _printf_hex_int_ll_ptr.o(.text)
    _printf_ll_hex                           0x080066c7   Thumb Code    12  _printf_hex_int_ll_ptr.o(.text)
    _printf_hex_ptr                          0x080066d3   Thumb Code    18  _printf_hex_int_ll_ptr.o(.text)
    __printf                                 0x080066e9   Thumb Code   388  __printf_flags_ss_wp.o(.text)
    __aeabi_errno_addr                       0x08006871   Thumb Code     8  rt_errno_addr_intlibspace.o(.text)
    __errno$intlibspace                      0x08006871   Thumb Code     0  rt_errno_addr_intlibspace.o(.text)
    __rt_errno_addr$intlibspace              0x08006871   Thumb Code     0  rt_errno_addr_intlibspace.o(.text)
    _ll_udiv10                               0x08006879   Thumb Code   138  lludiv10.o(.text)
    _printf_int_common                       0x08006903   Thumb Code   178  _printf_intcommon.o(.text)
    __lib_sel_fp_printf                      0x080069b5   Thumb Code     2  _printf_fp_dec.o(.text)
    _printf_fp_dec_real                      0x08006b63   Thumb Code   620  _printf_fp_dec.o(.text)
    _printf_cs_common                        0x08006dcf   Thumb Code    20  _printf_char.o(.text)
    _printf_char                             0x08006de3   Thumb Code    16  _printf_char.o(.text)
    _printf_string                           0x08006df3   Thumb Code     8  _printf_char.o(.text)
    _printf_lcs_common                       0x08006dfb   Thumb Code    20  _printf_wchar.o(.text)
    _printf_wchar                            0x08006e0f   Thumb Code    16  _printf_wchar.o(.text)
    _printf_wstring                          0x08006e1f   Thumb Code     8  _printf_wchar.o(.text)
    _wcrtomb                                 0x08006e27   Thumb Code    64  _wcrtomb.o(.text)
    __user_libspace                          0x08006e69   Thumb Code     8  libspace.o(.text)
    __user_perproc_libspace                  0x08006e69   Thumb Code     0  libspace.o(.text)
    __user_perthread_libspace                0x08006e69   Thumb Code     0  libspace.o(.text)
    __user_setup_stackheap                   0x08006e71   Thumb Code    74  sys_stackheap_outer.o(.text)
    __rt_ctype_table                         0x08006ebd   Thumb Code    16  rt_ctype_table.o(.text)
    __rt_locale                              0x08006ecd   Thumb Code     8  rt_locale_intlibspace.o(.text)
    _printf_fp_infnan                        0x08006ed5   Thumb Code   112  _printf_fp_infnan.o(.text)
    _btod_etento                             0x08006f55   Thumb Code   216  bigflt0.o(.text)
    exit                                     0x08007031   Thumb Code    12  exit.o(.text)
    strcmp                                   0x0800703d   Thumb Code   128  strcmpv7m.o(.text)
    _sys_exit                                0x080070bd   Thumb Code     8  sys_exit.o(.text)
    __I$use$semihosting                      0x080070c9   Thumb Code     0  use_no_semi.o(.text)
    __use_no_semihosting_swi                 0x080070c9   Thumb Code     2  use_no_semi.o(.text)
    __semihosting_library_function           0x080070cb   Thumb Code     0  indicate_semi.o(.text)
    _btod_d2e                                0x080070cb   Thumb Code    62  btod.o(CL$$btod_d2e)
    _d2e_denorm_low                          0x08007109   Thumb Code    70  btod.o(CL$$btod_d2e_denorm_low)
    _d2e_norm_op1                            0x0800714f   Thumb Code    96  btod.o(CL$$btod_d2e_norm_op1)
    __btod_div_common                        0x080071af   Thumb Code   696  btod.o(CL$$btod_div_common)
    _e2e                                     0x080074e7   Thumb Code   198  btod.o(CL$$btod_e2e)
    _btod_ediv                               0x080075ad   Thumb Code    40  btod.o(CL$$btod_ediv)
    _btod_emul                               0x080075d5   Thumb Code    40  btod.o(CL$$btod_emul)
    __btod_mult_common                       0x080075fd   Thumb Code   580  btod.o(CL$$btod_mult_common)
    __ARM_fpclassify                         0x08007841   Thumb Code    40  fpclassify.o(i.__ARM_fpclassify)
    __kernel_poly                            0x08007869   Thumb Code   170  poly.o(i.__kernel_poly)
    __mathlib_dbl_divzero                    0x08007915   Thumb Code    12  dunder.o(i.__mathlib_dbl_divzero)
    __mathlib_dbl_infnan                     0x08007925   Thumb Code     6  dunder.o(i.__mathlib_dbl_infnan)
    __mathlib_dbl_infnan2                    0x0800792b   Thumb Code     4  dunder.o(i.__mathlib_dbl_infnan2)
    __mathlib_dbl_invalid                    0x0800792f   Thumb Code    12  dunder.o(i.__mathlib_dbl_invalid)
    __mathlib_dbl_overflow                   0x0800793b   Thumb Code    14  dunder.o(i.__mathlib_dbl_overflow)
    __mathlib_dbl_underflow                  0x08007949   Thumb Code    10  dunder.o(i.__mathlib_dbl_underflow)
    _is_digit                                0x08007959   Thumb Code    14  __printf_wp.o(i._is_digit)
    log                                      0x08007969   Thumb Code   808  log.o(i.log)
    log10                                    0x08007cc5   Thumb Code   198  log10.o(i.log10)
    pow                                      0x08007da9   Thumb Code  2478  pow.o(i.pow)
    sqrt                                     0x08008761   Thumb Code    76  sqrt.o(i.sqrt)
    _get_lc_numeric                          0x080087ad   Thumb Code    44  lc_numeric_c.o(locale$$code)
    _get_lc_ctype                            0x080087d9   Thumb Code    44  lc_ctype_c.o(locale$$code)
    __aeabi_d2f                              0x08008805   Thumb Code     0  d2f.o(x$fpl$d2f)
    _d2f                                     0x08008805   Thumb Code    98  d2f.o(x$fpl$d2f)
    __aeabi_dadd                             0x08008869   Thumb Code     0  daddsub_clz.o(x$fpl$dadd)
    _dadd                                    0x08008869   Thumb Code   332  daddsub_clz.o(x$fpl$dadd)
    __fpl_dcheck_NaN1                        0x080089b9   Thumb Code    10  dcheck1.o(x$fpl$dcheck1)
    __fpl_dcmp_Inf                           0x080089c9   Thumb Code    24  dcmpi.o(x$fpl$dcmpinf)
    __aeabi_ddiv                             0x080089e1   Thumb Code     0  ddiv.o(x$fpl$ddiv)
    _ddiv                                    0x080089e1   Thumb Code   552  ddiv.o(x$fpl$ddiv)
    __aeabi_cdcmpeq                          0x08008c91   Thumb Code     0  deqf.o(x$fpl$deqf)
    _dcmpeq                                  0x08008c91   Thumb Code   120  deqf.o(x$fpl$deqf)
    __aeabi_d2iz                             0x08008d09   Thumb Code     0  dfix.o(x$fpl$dfix)
    _dfix                                    0x08008d09   Thumb Code    94  dfix.o(x$fpl$dfix)
    __aeabi_i2d                              0x08008d67   Thumb Code     0  dflt_clz.o(x$fpl$dflt)
    _dflt                                    0x08008d67   Thumb Code    46  dflt_clz.o(x$fpl$dflt)
    __aeabi_ui2d                             0x08008d95   Thumb Code     0  dflt_clz.o(x$fpl$dfltu)
    _dfltu                                   0x08008d95   Thumb Code    38  dflt_clz.o(x$fpl$dfltu)
    __aeabi_cdcmple                          0x08008dbd   Thumb Code     0  dleqf.o(x$fpl$dleqf)
    _dcmple                                  0x08008dbd   Thumb Code   120  dleqf.o(x$fpl$dleqf)
    __fpl_dcmple_InfNaN                      0x08008e1f   Thumb Code     0  dleqf.o(x$fpl$dleqf)
    __aeabi_dmul                             0x08008e35   Thumb Code     0  dmul.o(x$fpl$dmul)
    _dmul                                    0x08008e35   Thumb Code   332  dmul.o(x$fpl$dmul)
    __fpl_dnaninf                            0x08008f89   Thumb Code   156  dnaninf.o(x$fpl$dnaninf)
    __fpl_dretinf                            0x08009025   Thumb Code    12  dretinf.o(x$fpl$dretinf)
    __aeabi_cdrcmple                         0x08009031   Thumb Code     0  drleqf.o(x$fpl$drleqf)
    _drcmple                                 0x08009031   Thumb Code   108  drleqf.o(x$fpl$drleqf)
    __aeabi_drsub                            0x0800909d   Thumb Code     0  daddsub_clz.o(x$fpl$drsb)
    _drsb                                    0x0800909d   Thumb Code    22  daddsub_clz.o(x$fpl$drsb)
    _dsqrt                                   0x080090b5   Thumb Code   456  dsqrt_noumaal.o(x$fpl$dsqrt)
    __aeabi_dsub                             0x08009281   Thumb Code     0  daddsub_clz.o(x$fpl$dsub)
    _dsub                                    0x08009281   Thumb Code   464  daddsub_clz.o(x$fpl$dsub)
    __aeabi_f2d                              0x08009455   Thumb Code     0  f2d.o(x$fpl$f2d)
    _f2d                                     0x08009455   Thumb Code    86  f2d.o(x$fpl$f2d)
    __aeabi_fadd                             0x080094ad   Thumb Code     0  faddsub_clz.o(x$fpl$fadd)
    _fadd                                    0x080094ad   Thumb Code   196  faddsub_clz.o(x$fpl$fadd)
    __fpl_fcmp_Inf                           0x08009571   Thumb Code    24  fcmpi.o(x$fpl$fcmpinf)
    __aeabi_fdiv                             0x08009589   Thumb Code     0  fdiv.o(x$fpl$fdiv)
    _fdiv                                    0x08009589   Thumb Code   384  fdiv.o(x$fpl$fdiv)
    __aeabi_cfcmpeq                          0x0800970d   Thumb Code     0  feqf.o(x$fpl$feqf)
    _fcmpeq                                  0x0800970d   Thumb Code   104  feqf.o(x$fpl$feqf)
    __aeabi_f2uiz                            0x08009775   Thumb Code     0  ffixu.o(x$fpl$ffixu)
    _ffixu                                   0x08009775   Thumb Code    62  ffixu.o(x$fpl$ffixu)
    __aeabi_i2f                              0x080097b5   Thumb Code     0  fflt_clz.o(x$fpl$fflt)
    _fflt                                    0x080097b5   Thumb Code    48  fflt_clz.o(x$fpl$fflt)
    __aeabi_ui2f                             0x080097e5   Thumb Code     0  fflt_clz.o(x$fpl$ffltu)
    _ffltu                                   0x080097e5   Thumb Code    38  fflt_clz.o(x$fpl$ffltu)
    __aeabi_cfcmple                          0x0800980d   Thumb Code     0  fleqf.o(x$fpl$fleqf)
    _fcmple                                  0x0800980d   Thumb Code   104  fleqf.o(x$fpl$fleqf)
    __fpl_fcmple_InfNaN                      0x0800985f   Thumb Code     0  fleqf.o(x$fpl$fleqf)
    __aeabi_fmul                             0x08009875   Thumb Code     0  fmul.o(x$fpl$fmul)
    _fmul                                    0x08009875   Thumb Code   258  fmul.o(x$fpl$fmul)
    __fpl_fnaninf                            0x08009977   Thumb Code   140  fnaninf.o(x$fpl$fnaninf)
    __fpl_fretinf                            0x08009a03   Thumb Code    10  fretinf.o(x$fpl$fretinf)
    __aeabi_cfrcmple                         0x08009a0d   Thumb Code     0  frleqf.o(x$fpl$frleqf)
    _frcmple                                 0x08009a0d   Thumb Code    98  frleqf.o(x$fpl$frleqf)
    __aeabi_frsub                            0x08009a6f   Thumb Code     0  faddsub_clz.o(x$fpl$frsb)
    _frsb                                    0x08009a6f   Thumb Code    20  faddsub_clz.o(x$fpl$frsb)
    __aeabi_fsub                             0x08009a85   Thumb Code     0  faddsub_clz.o(x$fpl$fsub)
    _fsub                                    0x08009a85   Thumb Code   234  faddsub_clz.o(x$fpl$fsub)
    _printf_fp_dec                           0x08009b6f   Thumb Code     4  printf1.o(x$fpl$printf1)
    __fpl_return_NaN                         0x08009b73   Thumb Code   100  retnan.o(x$fpl$retnan)
    __ARM_scalbn                             0x08009bd7   Thumb Code    92  scalbn.o(x$fpl$scalbn)
    __fpl_cmpreturn                          0x08009c33   Thumb Code    48  trapv.o(x$fpl$trapveneer)
    __I$use$fp                               0x08009c62   Number         0  usenofp.o(x$fpl$usenofp)
    asc2_1608                                0x08009c62   Data        1520  bsp_oled.o(.constdata)
    ARM_INITIAL_POSITION                     0x0800a252   Data          12  bsp_robotarm.o(.constdata)
    __mathlib_zero                           0x0800a368   Data           8  qnan.o(.constdata)
    Region$$Table$$Base                      0x0800a404   Number         0  anon$$obj.o(Region$$Table)
    Region$$Table$$Limit                     0x0800a424   Number         0  anon$$obj.o(Region$$Table)
    __ctype                                  0x0800a44d   Data           0  lc_ctype_c.o(locale$$data)
    SCHEDULER_START_FLAG                     0x20000000   Data           1  scheduler.o(.data)
    START_HOOKFUN_FLAG                       0x20000004   Data           1  time.o(.data)
    sysTickUptime                            0x20000008   Data           4  time.o(.data)
    SysTickHookFun                           0x2000000c   Data           4  time.o(.data)
    gTimer                                   0x20000028   Data           4  bsp_led.o(.data)
    IWDG1_BASE                               0x2000004a   Data           4  bsp_iwdg.o(.data)
    loop                                     0x20000050   Data          14  scheduler.o(.bss)
    task                                     0x20000060   Data          40  scheduler.o(.bss)
    Cycle_T                                  0x20000088   Data          36  time.o(.bss)
    CDA_BASE                                 0x200000ac   Data          60  common_data_area.o(.bss)
    LED1_BASE                                0x200000e8   Data          36  bsp_led.o(.bss)
    LED2_BASE                                0x2000010c   Data          36  bsp_led.o(.bss)
    LED3_BASE                                0x20000130   Data          36  bsp_led.o(.bss)
    LORA1_BASE                               0x20000154   Data         144  bsp_lora.o(.bss)
    LORA2_BASE                               0x200001e4   Data         144  bsp_lora.o(.bss)
    LORA3_BASE                               0x20000274   Data         144  bsp_lora.o(.bss)
    SCOM1_BASE                               0x20000304   Data          84  bsp_scom.o(.bss)
    SCOM2_BASE                               0x20000358   Data          84  bsp_scom.o(.bss)
    SCOM3_BASE                               0x200003ac   Data          84  bsp_scom.o(.bss)
    SCOM1_RXDataBuffer                       0x20000400   Data          33  bsp_scom.o(.bss)
    SCOM1_TXDataBuffer                       0x20000421   Data          33  bsp_scom.o(.bss)
    SCOM2_RXDataBuffer                       0x20000442   Data          33  bsp_scom.o(.bss)
    SCOM2_TXDataBuffer                       0x20000463   Data          33  bsp_scom.o(.bss)
    SCOM3_RXDataBuffer                       0x20000484   Data          33  bsp_scom.o(.bss)
    SCOM3_TXDataBuffer                       0x200004a5   Data          33  bsp_scom.o(.bss)
    MOTOR1_BASE                              0x200004c8   Data         140  bsp_motor.o(.bss)
    MOTOR2_BASE                              0x20000554   Data         140  bsp_motor.o(.bss)
    PWM1_BASE                                0x200005e0   Data          52  bsp_pwm.o(.bss)
    PWM2_BASE                                0x20000614   Data          52  bsp_pwm.o(.bss)
    PWM3_BASE                                0x20000648   Data          52  bsp_pwm.o(.bss)
    PWM4_BASE                                0x2000067c   Data          52  bsp_pwm.o(.bss)
    PWM5_BASE                                0x200006b0   Data          52  bsp_pwm.o(.bss)
    PWM6_BASE                                0x200006e4   Data          52  bsp_pwm.o(.bss)
    PWM7_BASE                                0x20000718   Data          52  bsp_pwm.o(.bss)
    PWM8_BASE                                0x2000074c   Data          52  bsp_pwm.o(.bss)
    PWM9_BASE                                0x20000780   Data          52  bsp_pwm.o(.bss)
    PWM10_BASE                               0x200007b4   Data          52  bsp_pwm.o(.bss)
    PWM11_BASE                               0x200007e8   Data          52  bsp_pwm.o(.bss)
    PWM12_BASE                               0x2000081c   Data          52  bsp_pwm.o(.bss)
    EXTI1_BASE                               0x20000850   Data          24  bsp_exti.o(.bss)
    EXTI2_BASE                               0x20000868   Data          24  bsp_exti.o(.bss)
    EXTI3_BASE                               0x20000880   Data          24  bsp_exti.o(.bss)
    EXTI4_BASE                               0x20000898   Data          24  bsp_exti.o(.bss)
    EXTI5_BASE                               0x200008b0   Data          24  bsp_exti.o(.bss)
    EXTI6_BASE                               0x200008c8   Data          24  bsp_exti.o(.bss)
    SONIC1_BASE                              0x200008e0   Data          48  bsp_ultrasonic.o(.bss)
    SONIC2_BASE                              0x20000910   Data          48  bsp_ultrasonic.o(.bss)
    SONIC3_BASE                              0x20000940   Data          48  bsp_ultrasonic.o(.bss)
    OLED1_BASE                               0x20000970   Data        1068  bsp_oled.o(.bss)
    OLED2_BASE                               0x20000d9c   Data        1068  bsp_oled.o(.bss)
    ARM1_BASE                                0x200011c8   Data          84  bsp_robotarm.o(.bss)
    ARM2_BASE                                0x2000121c   Data          84  bsp_robotarm.o(.bss)
    XDATA1_BASE                              0x20001270   Data         108  map_xdata.o(.bss)
    XDATA2_BASE                              0x200012dc   Data         108  map_xdata.o(.bss)
    XDATA3_BASE                              0x20001348   Data         108  map_xdata.o(.bss)
    __libspace_start                         0x200013b4   Data          96  libspace.o(.bss)
    __temporary_stack_top$libspace           0x20001414   Data           0  libspace.o(.bss)



==============================================================================

Memory Map of the image

  Image Entry point : 0x08000131

  Load Region LR_IROM1 (Base: 0x08000000, Size: 0x0000a5a0, Max: 0x00080000, ABSOLUTE)

    Execution Region ER_IROM1 (Base: 0x08000000, Size: 0x0000a550, Max: 0x00080000, ABSOLUTE)

    Base Addr    Size         Type   Attr      Idx    E Section Name        Object

    0x08000000   0x00000130   Data   RO          334    RESET               startup_stm32f10x_hd.o
    0x08000130   0x00000008   Code   RO          734  * !!!main             c_w.l(__main.o)
    0x08000138   0x00000034   Code   RO         1187    !!!scatter          c_w.l(__scatter.o)
    0x0800016c   0x0000001a   Code   RO         1189    !!handler_copy      c_w.l(__scatter_copy.o)
    0x08000186   0x00000002   PAD
    0x08000188   0x0000001c   Code   RO         1191    !!handler_zi        c_w.l(__scatter_zi.o)
    0x080001a4   0x00000000   Code   RO          896    .ARM.Collect$$_printf_percent$$00000000  c_w.l(_printf_percent.o)
    0x080001a4   0x00000006   Code   RO          885    .ARM.Collect$$_printf_percent$$00000001  c_w.l(_printf_n.o)
    0x080001aa   0x00000006   Code   RO          887    .ARM.Collect$$_printf_percent$$00000002  c_w.l(_printf_p.o)
    0x080001b0   0x00000006   Code   RO          892    .ARM.Collect$$_printf_percent$$00000003  c_w.l(_printf_f.o)
    0x080001b6   0x00000006   Code   RO          893    .ARM.Collect$$_printf_percent$$00000004  c_w.l(_printf_e.o)
    0x080001bc   0x00000006   Code   RO          894    .ARM.Collect$$_printf_percent$$00000005  c_w.l(_printf_g.o)
    0x080001c2   0x00000006   Code   RO          895    .ARM.Collect$$_printf_percent$$00000006  c_w.l(_printf_a.o)
    0x080001c8   0x0000000a   Code   RO          900    .ARM.Collect$$_printf_percent$$00000007  c_w.l(_printf_ll.o)
    0x080001d2   0x00000006   Code   RO          889    .ARM.Collect$$_printf_percent$$00000008  c_w.l(_printf_i.o)
    0x080001d8   0x00000006   Code   RO          890    .ARM.Collect$$_printf_percent$$00000009  c_w.l(_printf_d.o)
    0x080001de   0x00000006   Code   RO          891    .ARM.Collect$$_printf_percent$$0000000A  c_w.l(_printf_u.o)
    0x080001e4   0x00000006   Code   RO          888    .ARM.Collect$$_printf_percent$$0000000B  c_w.l(_printf_o.o)
    0x080001ea   0x00000006   Code   RO          886    .ARM.Collect$$_printf_percent$$0000000C  c_w.l(_printf_x.o)
    0x080001f0   0x00000006   Code   RO          897    .ARM.Collect$$_printf_percent$$0000000D  c_w.l(_printf_lli.o)
    0x080001f6   0x00000006   Code   RO          898    .ARM.Collect$$_printf_percent$$0000000E  c_w.l(_printf_lld.o)
    0x080001fc   0x00000006   Code   RO          899    .ARM.Collect$$_printf_percent$$0000000F  c_w.l(_printf_llu.o)
    0x08000202   0x00000006   Code   RO          904    .ARM.Collect$$_printf_percent$$00000010  c_w.l(_printf_llo.o)
    0x08000208   0x00000006   Code   RO          905    .ARM.Collect$$_printf_percent$$00000011  c_w.l(_printf_llx.o)
    0x0800020e   0x0000000a   Code   RO          901    .ARM.Collect$$_printf_percent$$00000012  c_w.l(_printf_l.o)
    0x08000218   0x00000006   Code   RO          883    .ARM.Collect$$_printf_percent$$00000013  c_w.l(_printf_c.o)
    0x0800021e   0x00000006   Code   RO          884    .ARM.Collect$$_printf_percent$$00000014  c_w.l(_printf_s.o)
    0x08000224   0x00000006   Code   RO          902    .ARM.Collect$$_printf_percent$$00000015  c_w.l(_printf_lc.o)
    0x0800022a   0x00000006   Code   RO          903    .ARM.Collect$$_printf_percent$$00000016  c_w.l(_printf_ls.o)
    0x08000230   0x00000004   Code   RO          992    .ARM.Collect$$_printf_percent$$00000017  c_w.l(_printf_percent_end.o)
    0x08000234   0x00000002   Code   RO         1050    .ARM.Collect$$libinit$$00000000  c_w.l(libinit.o)
    0x08000236   0x00000000   Code   RO         1063    .ARM.Collect$$libinit$$00000002  c_w.l(libinit2.o)
    0x08000236   0x00000000   Code   RO         1065    .ARM.Collect$$libinit$$00000004  c_w.l(libinit2.o)
    0x08000236   0x00000000   Code   RO         1068    .ARM.Collect$$libinit$$0000000A  c_w.l(libinit2.o)
    0x08000236   0x00000000   Code   RO         1070    .ARM.Collect$$libinit$$0000000C  c_w.l(libinit2.o)
    0x08000236   0x00000000   Code   RO         1072    .ARM.Collect$$libinit$$0000000E  c_w.l(libinit2.o)
    0x08000236   0x00000006   Code   RO         1073    .ARM.Collect$$libinit$$0000000F  c_w.l(libinit2.o)
    0x0800023c   0x00000000   Code   RO         1075    .ARM.Collect$$libinit$$00000011  c_w.l(libinit2.o)
    0x0800023c   0x0000000c   Code   RO         1076    .ARM.Collect$$libinit$$00000012  c_w.l(libinit2.o)
    0x08000248   0x00000000   Code   RO         1077    .ARM.Collect$$libinit$$00000013  c_w.l(libinit2.o)
    0x08000248   0x00000000   Code   RO         1079    .ARM.Collect$$libinit$$00000015  c_w.l(libinit2.o)
    0x08000248   0x0000000a   Code   RO         1080    .ARM.Collect$$libinit$$00000016  c_w.l(libinit2.o)
    0x08000252   0x00000000   Code   RO         1081    .ARM.Collect$$libinit$$00000017  c_w.l(libinit2.o)
    0x08000252   0x00000000   Code   RO         1083    .ARM.Collect$$libinit$$00000019  c_w.l(libinit2.o)
    0x08000252   0x00000000   Code   RO         1085    .ARM.Collect$$libinit$$0000001B  c_w.l(libinit2.o)
    0x08000252   0x00000000   Code   RO         1087    .ARM.Collect$$libinit$$0000001D  c_w.l(libinit2.o)
    0x08000252   0x00000000   Code   RO         1089    .ARM.Collect$$libinit$$0000001F  c_w.l(libinit2.o)
    0x08000252   0x00000000   Code   RO         1091    .ARM.Collect$$libinit$$00000021  c_w.l(libinit2.o)
    0x08000252   0x00000000   Code   RO         1093    .ARM.Collect$$libinit$$00000023  c_w.l(libinit2.o)
    0x08000252   0x00000000   Code   RO         1095    .ARM.Collect$$libinit$$00000025  c_w.l(libinit2.o)
    0x08000252   0x00000000   Code   RO         1099    .ARM.Collect$$libinit$$0000002C  c_w.l(libinit2.o)
    0x08000252   0x00000000   Code   RO         1101    .ARM.Collect$$libinit$$0000002E  c_w.l(libinit2.o)
    0x08000252   0x00000000   Code   RO         1103    .ARM.Collect$$libinit$$00000030  c_w.l(libinit2.o)
    0x08000252   0x00000000   Code   RO         1105    .ARM.Collect$$libinit$$00000032  c_w.l(libinit2.o)
    0x08000252   0x00000002   Code   RO         1106    .ARM.Collect$$libinit$$00000033  c_w.l(libinit2.o)
    0x08000254   0x00000002   Code   RO         1128    .ARM.Collect$$libshutdown$$00000000  c_w.l(libshutdown.o)
    0x08000256   0x00000000   Code   RO         1142    .ARM.Collect$$libshutdown$$00000003  c_w.l(libshutdown2.o)
    0x08000256   0x00000000   Code   RO         1145    .ARM.Collect$$libshutdown$$00000006  c_w.l(libshutdown2.o)
    0x08000256   0x00000000   Code   RO         1148    .ARM.Collect$$libshutdown$$00000009  c_w.l(libshutdown2.o)
    0x08000256   0x00000000   Code   RO         1150    .ARM.Collect$$libshutdown$$0000000B  c_w.l(libshutdown2.o)
    0x08000256   0x00000000   Code   RO         1153    .ARM.Collect$$libshutdown$$0000000E  c_w.l(libshutdown2.o)
    0x08000256   0x00000002   Code   RO         1154    .ARM.Collect$$libshutdown$$0000000F  c_w.l(libshutdown2.o)
    0x08000258   0x00000000   Code   RO          812    .ARM.Collect$$rtentry$$00000000  c_w.l(__rtentry.o)
    0x08000258   0x00000000   Code   RO          961    .ARM.Collect$$rtentry$$00000002  c_w.l(__rtentry2.o)
    0x08000258   0x00000006   Code   RO          973    .ARM.Collect$$rtentry$$00000004  c_w.l(__rtentry4.o)
    0x0800025e   0x00000000   Code   RO          963    .ARM.Collect$$rtentry$$00000009  c_w.l(__rtentry2.o)
    0x0800025e   0x00000004   Code   RO          964    .ARM.Collect$$rtentry$$0000000A  c_w.l(__rtentry2.o)
    0x08000262   0x00000000   Code   RO          966    .ARM.Collect$$rtentry$$0000000C  c_w.l(__rtentry2.o)
    0x08000262   0x00000008   Code   RO          967    .ARM.Collect$$rtentry$$0000000D  c_w.l(__rtentry2.o)
    0x0800026a   0x00000002   Code   RO         1055    .ARM.Collect$$rtexit$$00000000  c_w.l(rtexit.o)
    0x0800026c   0x00000000   Code   RO         1110    .ARM.Collect$$rtexit$$00000002  c_w.l(rtexit2.o)
    0x0800026c   0x00000004   Code   RO         1111    .ARM.Collect$$rtexit$$00000003  c_w.l(rtexit2.o)
    0x08000270   0x00000006   Code   RO         1112    .ARM.Collect$$rtexit$$00000004  c_w.l(rtexit2.o)
    0x08000276   0x00000002   PAD
    0x08000278   0x00000070   Code   RO            1    .text               device_timer.o
    0x080002e8   0x00000172   Code   RO          103    .text               main.o
    0x0800045a   0x00000002   PAD
    0x0800045c   0x00000130   Code   RO          203    .text               scheduler.o
    0x0800058c   0x0000008c   Code   RO          219    .text               task_data_input.o
    0x08000618   0x0000021c   Code   RO          231    .text               task_data_output.o
    0x08000834   0x000001a0   Code   RO          243    .text               init.o
    0x080009d4   0x000001f8   Code   RO          255    .text               task_data_remap.o
    0x08000bcc   0x0000012c   Code   RO          268    .text               time.o
    0x08000cf8   0x0000019c   Code   RO          284    .text               common_data_area.o
    0x08000e94   0x00000048   Code   RO          335    .text               startup_stm32f10x_hd.o
    0x08000edc   0x000000dc   Code   RO          339    .text               misc.o
    0x08000fb8   0x000005bc   Code   RO          351    .text               stm32f10x_flash.o
    0x08001574   0x0000035c   Code   RO          363    .text               stm32f10x_gpio.o
    0x080018d0   0x000003a4   Code   RO          375    .text               stm32f10x_rcc.o
    0x08001c74   0x00000040   Code   RO          389    .text               stm32f10x_iwdg.o
    0x08001cb4   0x00000e1a   Code   RO          401    .text               stm32f10x_tim.o
    0x08002ace   0x00000002   PAD
    0x08002ad0   0x00000254   Code   RO          413    .text               stm32f10x_dma.o
    0x08002d24   0x00000408   Code   RO          425    .text               stm32f10x_usart.o
    0x0800312c   0x0000011c   Code   RO          437    .text               stm32f10x_exti.o
    0x08003248   0x00000338   Code   RO          449    .text               bsp_led.o
    0x08003580   0x000003c0   Code   RO          468    .text               bsp_lora.o
    0x08003940   0x000008b4   Code   RO          487    .text               bsp_scom.o
    0x080041f4   0x00000038   Code   RO          506    .text               bsp_scom_it.o
    0x0800422c   0x000007c0   Code   RO          518    .text               bsp_motor.o
    0x080049ec   0x0000040c   Code   RO          537    .text               bsp_pwm.o
    0x08004df8   0x00000224   Code   RO          555    .text               bsp_exti.o
    0x0800501c   0x000002c0   Code   RO          573    .text               bsp_ultrasonic.o
    0x080052dc   0x0000009c   Code   RO          592    .text               bsp_ultrasonic_it.o
    0x08005378   0x00000070   Code   RO          604    .text               bsp_led_it.o
    0x080053e8   0x0000004e   Code   RO          616    .text               bsp_iwdg.o
    0x08005436   0x00000002   PAD
    0x08005438   0x00000630   Code   RO          634    .text               bsp_oled.o
    0x08005a68   0x00000250   Code   RO          654    .text               bsp_robotarm.o
    0x08005cb8   0x000000e8   Code   RO          680    .text               algorithm_pid.o
    0x08005da0   0x000002ac   Code   RO          692    .text               map_scomandsbus.o
    0x0800604c   0x00000154   Code   RO          704    .text               map_xdata.o
    0x080061a0   0x00000024   Code   RO          724    .text               c_w.l(c89vsprintf.o)
    0x080061c4   0x0000003e   Code   RO          726    .text               c_w.l(strlen.o)
    0x08006202   0x0000008a   Code   RO          728    .text               c_w.l(rt_memcpy_v6.o)
    0x0800628c   0x00000064   Code   RO          730    .text               c_w.l(rt_memcpy_w.o)
    0x080062f0   0x00000006   Code   RO          732    .text               c_w.l(heapauxi.o)
    0x080062f6   0x00000016   Code   RO          813    .text               c_w.l(_rserrno.o)
    0x0800630c   0x0000004e   Code   RO          817    .text               c_w.l(_printf_pad.o)
    0x0800635a   0x00000024   Code   RO          819    .text               c_w.l(_printf_truncate.o)
    0x0800637e   0x00000052   Code   RO          821    .text               c_w.l(_printf_str.o)
    0x080063d0   0x00000078   Code   RO          823    .text               c_w.l(_printf_dec.o)
    0x08006448   0x00000028   Code   RO          825    .text               c_w.l(_printf_charcount.o)
    0x08006470   0x00000030   Code   RO          827    .text               c_w.l(_printf_char_common.o)
    0x080064a0   0x0000000a   Code   RO          829    .text               c_w.l(_sputc.o)
    0x080064aa   0x00000002   PAD
    0x080064ac   0x000000bc   Code   RO          831    .text               c_w.l(_printf_wctomb.o)
    0x08006568   0x0000007c   Code   RO          834    .text               c_w.l(_printf_longlong_dec.o)
    0x080065e4   0x00000070   Code   RO          840    .text               c_w.l(_printf_oct_int_ll.o)
    0x08006654   0x00000094   Code   RO          860    .text               c_w.l(_printf_hex_int_ll_ptr.o)
    0x080066e8   0x00000188   Code   RO          880    .text               c_w.l(__printf_flags_ss_wp.o)
    0x08006870   0x00000008   Code   RO          978    .text               c_w.l(rt_errno_addr_intlibspace.o)
    0x08006878   0x0000008a   Code   RO          980    .text               c_w.l(lludiv10.o)
    0x08006902   0x000000b2   Code   RO          982    .text               c_w.l(_printf_intcommon.o)
    0x080069b4   0x0000041a   Code   RO          984    .text               c_w.l(_printf_fp_dec.o)
    0x08006dce   0x0000002c   Code   RO          988    .text               c_w.l(_printf_char.o)
    0x08006dfa   0x0000002c   Code   RO          990    .text               c_w.l(_printf_wchar.o)
    0x08006e26   0x00000040   Code   RO          993    .text               c_w.l(_wcrtomb.o)
    0x08006e66   0x00000002   PAD
    0x08006e68   0x00000008   Code   RO         1001    .text               c_w.l(libspace.o)
    0x08006e70   0x0000004a   Code   RO         1004    .text               c_w.l(sys_stackheap_outer.o)
    0x08006eba   0x00000002   PAD
    0x08006ebc   0x00000010   Code   RO         1006    .text               c_w.l(rt_ctype_table.o)
    0x08006ecc   0x00000008   Code   RO         1011    .text               c_w.l(rt_locale_intlibspace.o)
    0x08006ed4   0x00000080   Code   RO         1013    .text               c_w.l(_printf_fp_infnan.o)
    0x08006f54   0x000000dc   Code   RO         1015    .text               c_w.l(bigflt0.o)
    0x08007030   0x0000000c   Code   RO         1043    .text               c_w.l(exit.o)
    0x0800703c   0x00000080   Code   RO         1060    .text               c_w.l(strcmpv7m.o)
    0x080070bc   0x0000000c   Code   RO         1120    .text               c_w.l(sys_exit.o)
    0x080070c8   0x00000002   Code   RO         1131    .text               c_w.l(use_no_semi.o)
    0x080070ca   0x00000000   Code   RO         1133    .text               c_w.l(indicate_semi.o)
    0x080070ca   0x0000003e   Code   RO         1018    CL$$btod_d2e        c_w.l(btod.o)
    0x08007108   0x00000046   Code   RO         1020    CL$$btod_d2e_denorm_low  c_w.l(btod.o)
    0x0800714e   0x00000060   Code   RO         1019    CL$$btod_d2e_norm_op1  c_w.l(btod.o)
    0x080071ae   0x00000338   Code   RO         1028    CL$$btod_div_common  c_w.l(btod.o)
    0x080074e6   0x000000c6   Code   RO         1025    CL$$btod_e2e        c_w.l(btod.o)
    0x080075ac   0x00000028   Code   RO         1022    CL$$btod_ediv       c_w.l(btod.o)
    0x080075d4   0x00000028   Code   RO         1021    CL$$btod_emul       c_w.l(btod.o)
    0x080075fc   0x00000244   Code   RO         1027    CL$$btod_mult_common  c_w.l(btod.o)
    0x08007840   0x00000028   Code   RO          937    i.__ARM_fpclassify  m_ws.l(fpclassify.o)
    0x08007868   0x000000aa   Code   RO          949    i.__kernel_poly     m_ws.l(poly.o)
    0x08007912   0x00000002   PAD
    0x08007914   0x00000010   Code   RO          923    i.__mathlib_dbl_divzero  m_ws.l(dunder.o)
    0x08007924   0x00000006   Code   RO          924    i.__mathlib_dbl_infnan  m_ws.l(dunder.o)
    0x0800792a   0x00000004   Code   RO          925    i.__mathlib_dbl_infnan2  m_ws.l(dunder.o)
    0x0800792e   0x0000000c   Code   RO          926    i.__mathlib_dbl_invalid  m_ws.l(dunder.o)
    0x0800793a   0x0000000e   Code   RO          927    i.__mathlib_dbl_overflow  m_ws.l(dunder.o)
    0x08007948   0x00000010   Code   RO          929    i.__mathlib_dbl_underflow  m_ws.l(dunder.o)
    0x08007958   0x0000000e   Code   RO          873    i._is_digit         c_w.l(__printf_wp.o)
    0x08007966   0x00000002   PAD
    0x08007968   0x0000035c   Code   RO          940    i.log               m_ws.l(log.o)
    0x08007cc4   0x000000e4   Code   RO          795    i.log10             m_ws.l(log10.o)
    0x08007da8   0x000009b8   Code   RO          803    i.pow               m_ws.l(pow.o)
    0x08008760   0x0000004c   Code   RO          953    i.sqrt              m_ws.l(sqrt.o)
    0x080087ac   0x0000002c   Code   RO         1041    locale$$code        c_w.l(lc_numeric_c.o)
    0x080087d8   0x0000002c   Code   RO         1058    locale$$code        c_w.l(lc_ctype_c.o)
    0x08008804   0x00000062   Code   RO          736    x$fpl$d2f           fz_ws.l(d2f.o)
    0x08008866   0x00000002   PAD
    0x08008868   0x00000150   Code   RO          738    x$fpl$dadd          fz_ws.l(daddsub_clz.o)
    0x080089b8   0x00000010   Code   RO          995    x$fpl$dcheck1       fz_ws.l(dcheck1.o)
    0x080089c8   0x00000018   Code   RO          906    x$fpl$dcmpinf       fz_ws.l(dcmpi.o)
    0x080089e0   0x000002b0   Code   RO          745    x$fpl$ddiv          fz_ws.l(ddiv.o)
    0x08008c90   0x00000078   Code   RO          997    x$fpl$deqf          fz_ws.l(deqf.o)
    0x08008d08   0x0000005e   Code   RO          748    x$fpl$dfix          fz_ws.l(dfix.o)
    0x08008d66   0x0000002e   Code   RO          753    x$fpl$dflt          fz_ws.l(dflt_clz.o)
    0x08008d94   0x00000026   Code   RO          752    x$fpl$dfltu         fz_ws.l(dflt_clz.o)
    0x08008dba   0x00000002   PAD
    0x08008dbc   0x00000078   Code   RO          758    x$fpl$dleqf         fz_ws.l(dleqf.o)
    0x08008e34   0x00000154   Code   RO          760    x$fpl$dmul          fz_ws.l(dmul.o)
    0x08008f88   0x0000009c   Code   RO          908    x$fpl$dnaninf       fz_ws.l(dnaninf.o)
    0x08009024   0x0000000c   Code   RO          910    x$fpl$dretinf       fz_ws.l(dretinf.o)
    0x08009030   0x0000006c   Code   RO          762    x$fpl$drleqf        fz_ws.l(drleqf.o)
    0x0800909c   0x00000016   Code   RO          739    x$fpl$drsb          fz_ws.l(daddsub_clz.o)
    0x080090b2   0x00000002   PAD
    0x080090b4   0x000001cc   Code   RO          999    x$fpl$dsqrt         fz_ws.l(dsqrt_noumaal.o)
    0x08009280   0x000001d4   Code   RO          740    x$fpl$dsub          fz_ws.l(daddsub_clz.o)
    0x08009454   0x00000056   Code   RO          764    x$fpl$f2d           fz_ws.l(f2d.o)
    0x080094aa   0x00000002   PAD
    0x080094ac   0x000000c4   Code   RO          766    x$fpl$fadd          fz_ws.l(faddsub_clz.o)
    0x08009570   0x00000018   Code   RO          912    x$fpl$fcmpinf       fz_ws.l(fcmpi.o)
    0x08009588   0x00000184   Code   RO          773    x$fpl$fdiv          fz_ws.l(fdiv.o)
    0x0800970c   0x00000068   Code   RO          776    x$fpl$feqf          fz_ws.l(feqf.o)
    0x08009774   0x0000003e   Code   RO          778    x$fpl$ffixu         fz_ws.l(ffixu.o)
    0x080097b2   0x00000002   PAD
    0x080097b4   0x00000030   Code   RO          783    x$fpl$fflt          fz_ws.l(fflt_clz.o)
    0x080097e4   0x00000026   Code   RO          782    x$fpl$ffltu         fz_ws.l(fflt_clz.o)
    0x0800980a   0x00000002   PAD
    0x0800980c   0x00000068   Code   RO          788    x$fpl$fleqf         fz_ws.l(fleqf.o)
    0x08009874   0x00000102   Code   RO          790    x$fpl$fmul          fz_ws.l(fmul.o)
    0x08009976   0x0000008c   Code   RO          914    x$fpl$fnaninf       fz_ws.l(fnaninf.o)
    0x08009a02   0x0000000a   Code   RO          916    x$fpl$fretinf       fz_ws.l(fretinf.o)
    0x08009a0c   0x00000062   Code   RO          792    x$fpl$frleqf        fz_ws.l(frleqf.o)
    0x08009a6e   0x00000014   Code   RO          767    x$fpl$frsb          fz_ws.l(faddsub_clz.o)
    0x08009a82   0x00000002   PAD
    0x08009a84   0x000000ea   Code   RO          768    x$fpl$fsub          fz_ws.l(faddsub_clz.o)
    0x08009b6e   0x00000004   Code   RO          918    x$fpl$printf1       fz_ws.l(printf1.o)
    0x08009b72   0x00000064   Code   RO         1053    x$fpl$retnan        fz_ws.l(retnan.o)
    0x08009bd6   0x0000005c   Code   RO          920    x$fpl$scalbn        fz_ws.l(scalbn.o)
    0x08009c32   0x00000030   Code   RO         1107    x$fpl$trapveneer    fz_ws.l(trapv.o)
    0x08009c62   0x00000000   Code   RO          922    x$fpl$usenofp       fz_ws.l(usenofp.o)
    0x08009c62   0x000005f0   Data   RO          636    .constdata          bsp_oled.o
    0x0800a252   0x0000000c   Data   RO          656    .constdata          bsp_robotarm.o
    0x0800a25e   0x00000002   PAD
    0x0800a260   0x00000088   Data   RO          804    .constdata          m_ws.l(pow.o)
    0x0800a2e8   0x00000008   Data   RO          832    .constdata          c_w.l(_printf_wctomb.o)
    0x0800a2f0   0x00000028   Data   RO          861    .constdata          c_w.l(_printf_hex_int_ll_ptr.o)
    0x0800a318   0x00000011   Data   RO          881    .constdata          c_w.l(__printf_flags_ss_wp.o)
    0x0800a329   0x00000007   PAD
    0x0800a330   0x00000038   Data   RO          941    .constdata          m_ws.l(log.o)
    0x0800a368   0x00000008   Data   RO          951    .constdata          m_ws.l(qnan.o)
    0x0800a370   0x00000094   Data   RO         1016    .constdata          c_w.l(bigflt0.o)
    0x0800a404   0x00000020   Data   RO         1185    Region$$Table       anon$$obj.o
    0x0800a424   0x0000001c   Data   RO         1040    locale$$data        c_w.l(lc_numeric_c.o)
    0x0800a440   0x00000110   Data   RO         1057    locale$$data        c_w.l(lc_ctype_c.o)


    Execution Region RW_IRAM1 (Base: 0x20000000, Size: 0x00001c18, Max: 0x00010000, ABSOLUTE)

    Base Addr    Size         Type   Attr      Idx    E Section Name        Object

    0x20000000   0x00000001   Data   RW          205    .data               scheduler.o
    0x20000001   0x00000001   Data   RW          256    .data               task_data_remap.o
    0x20000002   0x00000002   PAD
    0x20000004   0x0000000c   Data   RW          270    .data               time.o
    0x20000010   0x00000004   Data   RW          286    .data               common_data_area.o
    0x20000014   0x00000014   Data   RW          376    .data               stm32f10x_rcc.o
    0x20000028   0x00000004   Data   RW          451    .data               bsp_led.o
    0x2000002c   0x00000004   Data   RW          470    .data               bsp_lora.o
    0x20000030   0x0000000a   Data   RW          489    .data               bsp_scom.o
    0x2000003a   0x00000002   PAD
    0x2000003c   0x0000000c   Data   RW          520    .data               bsp_motor.o
    0x20000048   0x00000001   Data   RW          575    .data               bsp_ultrasonic.o
    0x20000049   0x00000001   PAD
    0x2000004a   0x00000004   Data   RW          617    .data               bsp_iwdg.o
    0x2000004e   0x00000002   PAD
    0x20000050   0x00000038   Zero   RW          204    .bss                scheduler.o
    0x20000088   0x00000024   Zero   RW          269    .bss                time.o
    0x200000ac   0x0000003c   Zero   RW          285    .bss                common_data_area.o
    0x200000e8   0x0000006c   Zero   RW          450    .bss                bsp_led.o
    0x20000154   0x000001b0   Zero   RW          469    .bss                bsp_lora.o
    0x20000304   0x000001c2   Zero   RW          488    .bss                bsp_scom.o
    0x200004c6   0x00000002   PAD
    0x200004c8   0x00000118   Zero   RW          519    .bss                bsp_motor.o
    0x200005e0   0x00000270   Zero   RW          538    .bss                bsp_pwm.o
    0x20000850   0x00000090   Zero   RW          556    .bss                bsp_exti.o
    0x200008e0   0x00000090   Zero   RW          574    .bss                bsp_ultrasonic.o
    0x20000970   0x00000858   Zero   RW          635    .bss                bsp_oled.o
    0x200011c8   0x000000a8   Zero   RW          655    .bss                bsp_robotarm.o
    0x20001270   0x00000144   Zero   RW          705    .bss                map_xdata.o
    0x200013b4   0x00000060   Zero   RW         1002    .bss                c_w.l(libspace.o)
    0x20001414   0x00000004   PAD
    0x20001418   0x00000000   Zero   RW          333    HEAP                startup_stm32f10x_hd.o
    0x20001418   0x00000800   Zero   RW          332    STACK               startup_stm32f10x_hd.o


==============================================================================

Image component sizes


      Code (inc. data)   RO Data    RW Data    ZI Data      Debug   Object Name

       232         16          0          0          0       1614   algorithm_pid.o
       548         30          0          0        144       5835   bsp_exti.o
        78          0          0          4          0       2259   bsp_iwdg.o
       824         48          0          4        108       5695   bsp_led.o
       112         12          0          0          0        662   bsp_led_it.o
       960         42          0          4        432       8054   bsp_lora.o
      1984        110          0         12        280       7162   bsp_motor.o
      1584         26       1520          0       2136       7514   bsp_oled.o
      1036         90          0          0        624       7183   bsp_pwm.o
       592         46         12          0        168       5244   bsp_robotarm.o
      2228        114          0         10        450       9978   bsp_scom.o
        56         12          0          0          0       1167   bsp_scom_it.o
       704         34          0          1        144       5820   bsp_ultrasonic.o
       156         18          0          0          0        818   bsp_ultrasonic_it.o
       412         10          0          4         60       6778   common_data_area.o
         0          0          0          0          0         32   core_cm3.o
       112          8          0          0          0     276560   device_timer.o
       416         34          0          0          0       1783   init.o
       370          0          0          0          0      31343   main.o
       684          0          0          0          0       1656   map_scomandsbus.o
       340         24          0          0        324       4010   map_xdata.o
       220         22          0          0          0       1793   misc.o
       304         14          0          1         56       2015   scheduler.o
        72         26        304          0       2048        884   startup_stm32f10x_hd.o
       596          8          0          0          0       4326   stm32f10x_dma.o
       284         10          0          0          0       2231   stm32f10x_exti.o
      1468         34          0          0          0       8030   stm32f10x_flash.o
       860         38          0          0          0       5645   stm32f10x_gpio.o
        64          6          0          0          0       1273   stm32f10x_iwdg.o
       932         36          0         20          0       8832   stm32f10x_rcc.o
      3610         88          0          0          0      22128   stm32f10x_tim.o
      1032         22          0          0          0       8364   stm32f10x_usart.o
       140         10          0          0          0       1013   task_data_input.o
       540         52          0          0          0       1310   task_data_output.o
       504         32          0          1          0       1283   task_data_remap.o
       300         22          0         12         36       2555   time.o

    ----------------------------------------------------------------------
     24360       1094       1870         80       7012     462849   Object Totals
         0          0         32          0          0          0   (incl. Generated)
         6          0          2          7          2          0   (incl. Padding)

    ----------------------------------------------------------------------

      Code (inc. data)   RO Data    RW Data    ZI Data      Debug   Library Member Name

         8          0          0          0          0         68   __main.o
       392          4         17          0          0         92   __printf_flags_ss_wp.o
        14          0          0          0          0         68   __printf_wp.o
         0          0          0          0          0          0   __rtentry.o
        12          0          0          0          0          0   __rtentry2.o
         6          0          0          0          0          0   __rtentry4.o
        52          8          0          0          0          0   __scatter.o
        26          0          0          0          0          0   __scatter_copy.o
        28          0          0          0          0          0   __scatter_zi.o
         6          0          0          0          0          0   _printf_a.o
         6          0          0          0          0          0   _printf_c.o
        44          0          0          0          0        108   _printf_char.o
        48          6          0          0          0         96   _printf_char_common.o
        40          0          0          0          0         68   _printf_charcount.o
         6          0          0          0          0          0   _printf_d.o
       120         16          0          0          0         92   _printf_dec.o
         6          0          0          0          0          0   _printf_e.o
         6          0          0          0          0          0   _printf_f.o
      1050          0          0          0          0        216   _printf_fp_dec.o
       128         16          0          0          0         84   _printf_fp_infnan.o
         6          0          0          0          0          0   _printf_g.o
       148          4         40          0          0        160   _printf_hex_int_ll_ptr.o
         6          0          0          0          0          0   _printf_i.o
       178          0          0          0          0         88   _printf_intcommon.o
        10          0          0          0          0          0   _printf_l.o
         6          0          0          0          0          0   _printf_lc.o
        10          0          0          0          0          0   _printf_ll.o
         6          0          0          0          0          0   _printf_lld.o
         6          0          0          0          0          0   _printf_lli.o
         6          0          0          0          0          0   _printf_llo.o
         6          0          0          0          0          0   _printf_llu.o
         6          0          0          0          0          0   _printf_llx.o
       124         16          0          0          0         92   _printf_longlong_dec.o
         6          0          0          0          0          0   _printf_ls.o
         6          0          0          0          0          0   _printf_n.o
         6          0          0          0          0          0   _printf_o.o
       112          8          0          0          0        124   _printf_oct_int_ll.o
         6          0          0          0          0          0   _printf_p.o
        78          0          0          0          0        108   _printf_pad.o
         0          0          0          0          0          0   _printf_percent.o
         4          0          0          0          0          0   _printf_percent_end.o
         6          0          0          0          0          0   _printf_s.o
        82          0          0          0          0         80   _printf_str.o
        36          0          0          0          0         84   _printf_truncate.o
         6          0          0          0          0          0   _printf_u.o
        44          0          0          0          0        108   _printf_wchar.o
       188          6          8          0          0         92   _printf_wctomb.o
         6          0          0          0          0          0   _printf_x.o
        22          0          0          0          0        100   _rserrno.o
        10          0          0          0          0         68   _sputc.o
        64          0          0          0          0         92   _wcrtomb.o
       220          4        148          0          0         96   bigflt0.o
      1910        128          0          0          0        672   btod.o
        36          4          0          0          0         76   c89vsprintf.o
        12          0          0          0          0         72   exit.o
         6          0          0          0          0        152   heapauxi.o
         0          0          0          0          0          0   indicate_semi.o
        44         10        272          0          0         76   lc_ctype_c.o
        44         10         28          0          0         76   lc_numeric_c.o
         2          0          0          0          0          0   libinit.o
        30          0          0          0          0          0   libinit2.o
         2          0          0          0          0          0   libshutdown.o
         2          0          0          0          0          0   libshutdown2.o
         8          4          0          0         96         68   libspace.o
       138          0          0          0          0         80   lludiv10.o
        16          4          0          0          0         76   rt_ctype_table.o
         8          4          0          0          0         68   rt_errno_addr_intlibspace.o
         8          4          0          0          0         68   rt_locale_intlibspace.o
       138          0          0          0          0         68   rt_memcpy_v6.o
       100          0          0          0          0         80   rt_memcpy_w.o
         2          0          0          0          0          0   rtexit.o
        10          0          0          0          0          0   rtexit2.o
       128          0          0          0          0         68   strcmpv7m.o
        62          0          0          0          0         76   strlen.o
        12          4          0          0          0         68   sys_exit.o
        74          0          0          0          0         80   sys_stackheap_outer.o
         2          0          0          0          0         68   use_no_semi.o
        98          4          0          0          0         92   d2f.o
       826         16          0          0          0        348   daddsub_clz.o
        16          4          0          0          0         68   dcheck1.o
        24          0          0          0          0         68   dcmpi.o
       688        140          0          0          0        208   ddiv.o
       120          4          0          0          0         92   deqf.o
        94          4          0          0          0         92   dfix.o
        84          0          0          0          0        136   dflt_clz.o
       120          4          0          0          0         92   dleqf.o
       340         12          0          0          0        104   dmul.o
       156          4          0          0          0         92   dnaninf.o
        12          0          0          0          0         68   dretinf.o
       108          0          0          0          0         80   drleqf.o
       460         56          0          0          0        120   dsqrt_noumaal.o
        86          4          0          0          0         84   f2d.o
       450          8          0          0          0        236   faddsub_clz.o
        24          0          0          0          0         68   fcmpi.o
       388         76          0          0          0         96   fdiv.o
       104          4          0          0          0         84   feqf.o
        62          4          0          0          0         84   ffixu.o
        86          0          0          0          0        136   fflt_clz.o
       104          4          0          0          0         84   fleqf.o
       258          4          0          0          0         84   fmul.o
       140          4          0          0          0         84   fnaninf.o
        10          0          0          0          0         68   fretinf.o
        98          0          0          0          0         68   frleqf.o
         4          0          0          0          0         68   printf1.o
       100          0          0          0          0         68   retnan.o
        92          0          0          0          0         68   scalbn.o
        48          0          0          0          0         68   trapv.o
         0          0          0          0          0          0   usenofp.o
        68         10          0          0          0        408   dunder.o
        40          0          0          0          0         68   fpclassify.o
       860         52         56          0          0        256   log.o
       228         30          0          0          0        120   log10.o
       170          0          0          0          0         96   poly.o
      2488        190        136          0          0        300   pow.o
         0          0          8          0          0          0   qnan.o
        76          0          0          0          0         84   sqrt.o

    ----------------------------------------------------------------------
     15370        898        720          0        100       8616   Library Totals
        28          0          7          0          4          0   (incl. Padding)

    ----------------------------------------------------------------------

      Code (inc. data)   RO Data    RW Data    ZI Data      Debug   Library Name

      6212        260        513          0         96       4176   c_w.l
      5200        356          0          0          0       3108   fz_ws.l
      3930        282        200          0          0       1332   m_ws.l

    ----------------------------------------------------------------------
     15370        898        720          0        100       8616   Library Totals

    ----------------------------------------------------------------------

==============================================================================


      Code (inc. data)   RO Data    RW Data    ZI Data      Debug   

     39730       1992       2590         80       7112     463245   Grand Totals
     39730       1992       2590         80       7112     463245   ELF Image Totals
     39730       1992       2590         80          0          0   ROM Totals

==============================================================================

    Total RO  Size (Code + RO Data)                42320 (  41.33kB)
    Total RW  Size (RW Data + ZI Data)              7192 (   7.02kB)
    Total ROM Size (Code + RO Data + RW Data)      42400 (  41.41kB)

==============================================================================

